Archive member included to satisfy reference by file (symbol)

C:\Users\Francesco Olivieri\Documents\ST-Libraries\STM32CubeExpansion_Crypto_V4.1.0\Middlewares\ST\STM32_Cryptographic\lib\libSTM32Cryptographic_CM0_CM0PLUS.a(cmox_cipher.c.o)
                              ./Core/Src/message_handler.o (cmox_aead_decrypt)
C:\Users\Francesco Olivieri\Documents\ST-Libraries\STM32CubeExpansion_Crypto_V4.1.0\Middlewares\ST\STM32_Cryptographic\lib\libSTM32Cryptographic_CM0_CM0PLUS.a(cmox_gcm_fast_aesfast_decrypt.c.o)
                              ./Core/Src/message_handler.o (CMOX_AESFAST_GCMFAST_DEC_ALGO)
C:\Users\Francesco Olivieri\Documents\ST-Libraries\STM32CubeExpansion_Crypto_V4.1.0\Middlewares\ST\STM32_Cryptographic\lib\libSTM32Cryptographic_CM0_CM0PLUS.a(cmox_gcm_fast_aesfast_encrypt.c.o)
                              ./Core/Src/message_handler.o (CMOX_AESFAST_GCMFAST_ENC_ALGO)
C:\Users\Francesco Olivieri\Documents\ST-Libraries\STM32CubeExpansion_Crypto_V4.1.0\Middlewares\ST\STM32_Cryptographic\lib\libSTM32Cryptographic_CM0_CM0PLUS.a(cmox_gcm_fast_common.c.o)
                              C:\Users\Francesco Olivieri\Documents\ST-Libraries\STM32CubeExpansion_Crypto_V4.1.0\Middlewares\ST\STM32_Cryptographic\lib\libSTM32Cryptographic_CM0_CM0PLUS.a(cmox_gcm_fast_aesfast_decrypt.c.o) (cmox_gcmFast_construct)
C:\Users\Francesco Olivieri\Documents\ST-Libraries\STM32CubeExpansion_Crypto_V4.1.0\Middlewares\ST\STM32_Cryptographic\lib\libSTM32Cryptographic_CM0_CM0PLUS.a(cmox_gcm_fast_decrypt.c.o)
                              C:\Users\Francesco Olivieri\Documents\ST-Libraries\STM32CubeExpansion_Crypto_V4.1.0\Middlewares\ST\STM32_Cryptographic\lib\libSTM32Cryptographic_CM0_CM0PLUS.a(cmox_gcm_fast_aesfast_decrypt.c.o) (cmox_gcmFastDecrypt_construct)
C:\Users\Francesco Olivieri\Documents\ST-Libraries\STM32CubeExpansion_Crypto_V4.1.0\Middlewares\ST\STM32_Cryptographic\lib\libSTM32Cryptographic_CM0_CM0PLUS.a(cmox_gcm_fast_encrypt.c.o)
                              C:\Users\Francesco Olivieri\Documents\ST-Libraries\STM32CubeExpansion_Crypto_V4.1.0\Middlewares\ST\STM32_Cryptographic\lib\libSTM32Cryptographic_CM0_CM0PLUS.a(cmox_gcm_fast_aesfast_encrypt.c.o) (cmox_gcmFastEncrypt_construct)
C:\Users\Francesco Olivieri\Documents\ST-Libraries\STM32CubeExpansion_Crypto_V4.1.0\Middlewares\ST\STM32_Cryptographic\lib\libSTM32Cryptographic_CM0_CM0PLUS.a(cmox_init.c.o)
                              ./Core/Src/message_handler.o (cmox_initialize)
C:\Users\Francesco Olivieri\Documents\ST-Libraries\STM32CubeExpansion_Crypto_V4.1.0\Middlewares\ST\STM32_Cryptographic\lib\libSTM32Cryptographic_CM0_CM0PLUS.a(cmox_aesfast_encrypt.c.o)
                              C:\Users\Francesco Olivieri\Documents\ST-Libraries\STM32CubeExpansion_Crypto_V4.1.0\Middlewares\ST\STM32_Cryptographic\lib\libSTM32Cryptographic_CM0_CM0PLUS.a(cmox_gcm_fast_aesfast_decrypt.c.o) (CMOX_AESFAST_ENCRYPT_VTABLE)
C:\Users\Francesco Olivieri\Documents\ST-Libraries\STM32CubeExpansion_Crypto_V4.1.0\Middlewares\ST\STM32_Cryptographic\lib\libSTM32Cryptographic_CM0_CM0PLUS.a(cmox_cipher_modes.c.o)
                              C:\Users\Francesco Olivieri\Documents\ST-Libraries\STM32CubeExpansion_Crypto_V4.1.0\Middlewares\ST\STM32_Cryptographic\lib\libSTM32Cryptographic_CM0_CM0PLUS.a(cmox_gcm_fast_common.c.o) (cmox_cipherMode_setKey)
C:\Users\Francesco Olivieri\Documents\ST-Libraries\STM32CubeExpansion_Crypto_V4.1.0\Middlewares\ST\STM32_Cryptographic\lib\libSTM32Cryptographic_CM0_CM0PLUS.a(cmox_gcm_common.c.o)
                              C:\Users\Francesco Olivieri\Documents\ST-Libraries\STM32CubeExpansion_Crypto_V4.1.0\Middlewares\ST\STM32_Cryptographic\lib\libSTM32Cryptographic_CM0_CM0PLUS.a(cmox_gcm_fast_common.c.o) (cmox_gcm_appendAD_common)
C:\Users\Francesco Olivieri\Documents\ST-Libraries\STM32CubeExpansion_Crypto_V4.1.0\Middlewares\ST\STM32_Cryptographic\lib\libSTM32Cryptographic_CM0_CM0PLUS.a(cmox_utils_compare.c.o)
                              C:\Users\Francesco Olivieri\Documents\ST-Libraries\STM32CubeExpansion_Crypto_V4.1.0\Middlewares\ST\STM32_Cryptographic\lib\libSTM32Cryptographic_CM0_CM0PLUS.a(cmox_gcm_common.c.o) (cmox_utils_robustCmp)
C:\Users\Francesco Olivieri\Documents\ST-Libraries\STM32CubeExpansion_Crypto_V4.1.0\Middlewares\ST\STM32_Cryptographic\lib\libSTM32Cryptographic_CM0_CM0PLUS.a(cmox_aes_common.c.o)
                              C:\Users\Francesco Olivieri\Documents\ST-Libraries\STM32CubeExpansion_Crypto_V4.1.0\Middlewares\ST\STM32_Cryptographic\lib\libSTM32Cryptographic_CM0_CM0PLUS.a(cmox_aesfast_encrypt.c.o) (CMOX_AES_SBOX)
c:/st/stm32cubeide_1.10.1/stm32cubeide/plugins/com.st.stm32cube.ide.mcu.externaltools.gnu-tools-for-stm32.10.3-2021.10.win32_1.0.200.202301161003/tools/bin/../lib/gcc/arm-none-eabi/10.3.1/../../../../arm-none-eabi/lib/thumb/v6-m/nofp\libc_nano.a(lib_a-aeabi_memclr.o)
[...]
Memory Configuration

Name             Origin             Length             Attributes
RAM              0x0000000020000000 0x0000000000024000 xrw
FLASH            0x0000000008000000 0x0000000000019000 xr
*default*        0x0000000000000000 0xffffffffffffffff

Linker script and memory map

LOAD c:/st/stm32cubeide_1.10.1/stm32cubeide/plugins/com.st.stm32cube.ide.mcu.externaltools.gnu-tools-for-stm32.10.3-2021.10.win32_1.0.200.202301161003/tools/bin/../lib/gcc/arm-none-eabi/10.3.1/thumb/v6-m/nofp/crti.o
LOAD c:/st/stm32cubeide_1.10.1/stm32cubeide/plugins/com.st.stm32cube.ide.mcu.externaltools.gnu-tools-for-stm32.10.3-2021.10.win32_1.0.200.202301161003/tools/bin/../lib/gcc/arm-none-eabi/10.3.1/thumb/v6-m/nofp/crtbegin.o
LOAD c:/st/stm32cubeide_1.10.1/stm32cubeide/plugins/com.st.stm32cube.ide.mcu.externaltools.gnu-tools-for-stm32.10.3-2021.10.win32_1.0.200.202301161003/tools/bin/../lib/gcc/arm-none-eabi/10.3.1/../../../../arm-none-eabi/lib/thumb/v6-m/nofp/crt0.o
LOAD ./BlueNRG-MS/Target/hci_tl_interface.o
LOAD ./Core/Src/app_bluenrg.o
LOAD ./Core/Src/cmox_low_level.o
LOAD ./Core/Src/crc.o
LOAD ./Core/Src/flash_manager.o
LOAD ./Core/Src/gpio.o
LOAD ./Core/Src/main.o
LOAD ./Core/Src/message_handler.o
LOAD ./Core/Src/rand_generator.o
LOAD ./Core/Src/service.o
LOAD ./Core/Src/stm32g0xx_hal_msp.o
LOAD ./Core/Src/stm32g0xx_it.o
LOAD ./Core/Src/stm32g0xx_nucleo_bus.o
LOAD ./Core/Src/syscalls.o
LOAD ./Core/Src/sysmem.o
LOAD ./Core/Src/system_stm32g0xx.o
LOAD ./Core/Src/tim.o
LOAD ./Core/Src/usart.o
LOAD ./Core/Startup/startup_stm32g0b1retx.o
LOAD ./Drivers/STM32G0xx_HAL_Driver/Src/stm32g0xx_hal.o
LOAD ./Drivers/STM32G0xx_HAL_Driver/Src/stm32g0xx_hal_cortex.o
LOAD ./Drivers/STM32G0xx_HAL_Driver/Src/stm32g0xx_hal_crc.o
LOAD ./Drivers/STM32G0xx_HAL_Driver/Src/stm32g0xx_hal_crc_ex.o
LOAD ./Drivers/STM32G0xx_HAL_Driver/Src/stm32g0xx_hal_dma.o
LOAD ./Drivers/STM32G0xx_HAL_Driver/Src/stm32g0xx_hal_dma_ex.o
LOAD ./Drivers/STM32G0xx_HAL_Driver/Src/stm32g0xx_hal_exti.o
LOAD ./Drivers/STM32G0xx_HAL_Driver/Src/stm32g0xx_hal_flash.o
LOAD ./Drivers/STM32G0xx_HAL_Driver/Src/stm32g0xx_hal_flash_ex.o
LOAD ./Drivers/STM32G0xx_HAL_Driver/Src/stm32g0xx_hal_gpio.o
LOAD ./Drivers/STM32G0xx_HAL_Driver/Src/stm32g0xx_hal_pwr.o
LOAD ./Drivers/STM32G0xx_HAL_Driver/Src/stm32g0xx_hal_pwr_ex.o
LOAD ./Drivers/STM32G0xx_HAL_Driver/Src/stm32g0xx_hal_rcc.o
LOAD ./Drivers/STM32G0xx_HAL_Driver/Src/stm32g0xx_hal_rcc_ex.o
LOAD ./Drivers/STM32G0xx_HAL_Driver/Src/stm32g0xx_hal_spi.o
LOAD ./Drivers/STM32G0xx_HAL_Driver/Src/stm32g0xx_hal_spi_ex.o
LOAD ./Drivers/STM32G0xx_HAL_Driver/Src/stm32g0xx_hal_tim.o
LOAD ./Drivers/STM32G0xx_HAL_Driver/Src/stm32g0xx_hal_tim_ex.o
LOAD ./Drivers/STM32G0xx_HAL_Driver/Src/stm32g0xx_hal_uart.o
LOAD ./Drivers/STM32G0xx_HAL_Driver/Src/stm32g0xx_hal_uart_ex.o
LOAD ./Drivers/STM32G0xx_HAL_Driver/Src/stm32g0xx_ll_dma.o
LOAD ./Drivers/STM32G0xx_HAL_Driver/Src/stm32g0xx_ll_rcc.o
LOAD ./Middlewares/ST/BlueNRG-MS/hci/controller/bluenrg_gap_aci.o
LOAD ./Middlewares/ST/BlueNRG-MS/hci/controller/bluenrg_gatt_aci.o
LOAD ./Middlewares/ST/BlueNRG-MS/hci/controller/bluenrg_hal_aci.o
LOAD ./Middlewares/ST/BlueNRG-MS/hci/controller/bluenrg_l2cap_aci.o
LOAD ./Middlewares/ST/BlueNRG-MS/hci/controller/bluenrg_updater_aci.o
LOAD ./Middlewares/ST/BlueNRG-MS/hci/controller/bluenrg_utils_small.o
LOAD ./Middlewares/ST/BlueNRG-MS/hci/hci_le.o
LOAD ./Middlewares/ST/BlueNRG-MS/hci/hci_tl_patterns/Basic/hci_tl.o
LOAD ./Middlewares/ST/BlueNRG-MS/utils/ble_list.o
LOAD C:\Users\Francesco Olivieri\Documents\ST-Libraries\STM32CubeExpansion_Crypto_V4.1.0\Middlewares\ST\STM32_Cryptographic\lib\libSTM32Cryptographic_CM0_CM0PLUS.a
START GROUP
LOAD c:/st/stm32cubeide_1.10.1/stm32cubeide/plugins/com.st.stm32cube.ide.mcu.externaltools.gnu-tools-for-stm32.10.3-2021.10.win32_1.0.200.202301161003/tools/bin/../lib/gcc/arm-none-eabi/10.3.1/../../../../arm-none-eabi/lib/thumb/v6-m/nofp\libc_nano.a
LOAD c:/st/stm32cubeide_1.10.1/stm32cubeide/plugins/com.st.stm32cube.ide.mcu.externaltools.gnu-tools-for-stm32.10.3-2021.10.win32_1.0.200.202301161003/tools/bin/../lib/gcc/arm-none-eabi/10.3.1/../../../../arm-none-eabi/lib/thumb/v6-m/nofp\libm.a
END GROUP
START GROUP
LOAD c:/st/stm32cubeide_1.10.1/stm32cubeide/plugins/com.st.stm32cube.ide.mcu.externaltools.gnu-tools-for-stm32.10.3-2021.10.win32_1.0.200.202301161003/tools/bin/../lib/gcc/arm-none-eabi/10.3.1/thumb/v6-m/nofp\libgcc.a
LOAD c:/st/stm32cubeide_1.10.1/stm32cubeide/plugins/com.st.stm32cube.ide.mcu.externaltools.gnu-tools-for-stm32.10.3-2021.10.win32_1.0.200.202301161003/tools/bin/../lib/gcc/arm-none-eabi/10.3.1/../../../../arm-none-eabi/lib/thumb/v6-m/nofp\libc_nano.a
END GROUP
START GROUP
LOAD c:/st/stm32cubeide_1.10.1/stm32cubeide/plugins/com.st.stm32cube.ide.mcu.externaltools.gnu-tools-for-stm32.10.3-2021.10.win32_1.0.200.202301161003/tools/bin/../lib/gcc/arm-none-eabi/10.3.1/thumb/v6-m/nofp\libgcc.a
LOAD c:/st/stm32cubeide_1.10.1/stm32cubeide/plugins/com.st.stm32cube.ide.mcu.externaltools.gnu-tools-for-stm32.10.3-2021.10.win32_1.0.200.202301161003/tools/bin/../lib/gcc/arm-none-eabi/10.3.1/../../../../arm-none-eabi/lib/thumb/v6-m/nofp\libc_nano.a
LOAD c:/st/stm32cubeide_1.10.1/stm32cubeide/plugins/com.st.stm32cube.ide.mcu.externaltools.gnu-tools-for-stm32.10.3-2021.10.win32_1.0.200.202301161003/tools/bin/../lib/gcc/arm-none-eabi/10.3.1/../../../../arm-none-eabi/lib/thumb/v6-m/nofp\libnosys.a
END GROUP
START GROUP
LOAD c:/st/stm32cubeide_1.10.1/stm32cubeide/plugins/com.st.stm32cube.ide.mcu.externaltools.gnu-tools-for-stm32.10.3-2021.10.win32_1.0.200.202301161003/tools/bin/../lib/gcc/arm-none-eabi/10.3.1/thumb/v6-m/nofp\libgcc.a
LOAD c:/st/stm32cubeide_1.10.1/stm32cubeide/plugins/com.st.stm32cube.ide.mcu.externaltools.gnu-tools-for-stm32.10.3-2021.10.win32_1.0.200.202301161003/tools/bin/../lib/gcc/arm-none-eabi/10.3.1/../../../../arm-none-eabi/lib/thumb/v6-m/nofp\libc_nano.a
LOAD c:/st/stm32cubeide_1.10.1/stm32cubeide/plugins/com.st.stm32cube.ide.mcu.externaltools.gnu-tools-for-stm32.10.3-2021.10.win32_1.0.200.202301161003/tools/bin/../lib/gcc/arm-none-eabi/10.3.1/../../../../arm-none-eabi/lib/thumb/v6-m/nofp\libnosys.a
END GROUP
LOAD c:/st/stm32cubeide_1.10.1/stm32cubeide/plugins/com.st.stm32cube.ide.mcu.externaltools.gnu-tools-for-stm32.10.3-2021.10.win32_1.0.200.202301161003/tools/bin/../lib/gcc/arm-none-eabi/10.3.1/thumb/v6-m/nofp/crtend.o
LOAD c:/st/stm32cubeide_1.10.1/stm32cubeide/plugins/com.st.stm32cube.ide.mcu.externaltools.gnu-tools-for-stm32.10.3-2021.10.win32_1.0.200.202301161003/tools/bin/../lib/gcc/arm-none-eabi/10.3.1/thumb/v6-m/nofp/crtn.o
                0x0000000020024000                _estack = (ORIGIN (RAM) + LENGTH (RAM))
                0x0000000000000200                _Min_Heap_Size = 0x200
                0x0000000000000400                _Min_Stack_Size = 0x400

.isr_vector     0x0000000008000000       0xbc
                0x0000000008000000                . = ALIGN (0x4)
 *(.isr_vector)
 .isr_vector    0x0000000008000000       0xbc ./Core/Startup/startup_stm32g0b1retx.o
                0x0000000008000000                g_pfnVectors
                0x00000000080000bc                . = ALIGN (0x4)

.text           0x00000000080000c0     0xab58
                0x00000000080000c0                . = ALIGN (0x4)
 *(.text)
 .text          0x00000000080000c0       0x48 c:/st/stm32cubeide_1.10.1/stm32cubeide/plugins/com.st.stm32cube.ide.mcu.externaltools.gnu-tools-for-stm32.10.3-2021.10.win32_1.0.200.202301161003/tools/bin/../lib/gcc/arm-none-eabi/10.3.1/thumb/v6-m/nofp/crtbegin.o
 .text          0x0000000008000108       0x80 C:\Users\Francesco Olivieri\Documents\ST-Libraries\STM32CubeExpansion_Crypto_V4.1.0\Middlewares\ST\STM32_Cryptographic\lib\libSTM32Cryptographic_CM0_CM0PLUS.a(cmox_cipher.c.o)
                0x0000000008000108                cmox_aead_encrypt
 .text          0x0000000008000188       0x8c C:\Users\Francesco Olivieri\Documents\ST-Libraries\STM32CubeExpansion_Crypto_V4.1.0\Middlewares\ST\STM32_Cryptographic\lib\libSTM32Cryptographic_CM0_CM0PLUS.a(cmox_cipher.c.o)
                0x0000000008000188                cmox_aead_decrypt
 .text          0x0000000008000214       0x96 C:\Users\Francesco Olivieri\Documents\ST-Libraries\STM32CubeExpansion_Crypto_V4.1.0\Middlewares\ST\STM32_Cryptographic\lib\libSTM32Cryptographic_CM0_CM0PLUS.a(cmox_cipher.c.o)
 .text          0x00000000080002aa       0x62 C:\Users\Francesco Olivieri\Documents\ST-Libraries\STM32CubeExpansion_Crypto_V4.1.0\Middlewares\ST\STM32_Cryptographic\lib\libSTM32Cryptographic_CM0_CM0PLUS.a(cmox_cipher.c.o)
                0x00000000080002aa                cmox_aead_innerEncrypt
 .text          0x000000000800030c       0x68 C:\Users\Francesco Olivieri\Documents\ST-Libraries\STM32CubeExpansion_Crypto_V4.1.0\Middlewares\ST\STM32_Cryptographic\lib\libSTM32Cryptographic_CM0_CM0PLUS.a(cmox_cipher.c.o)
                0x000000000800030c                cmox_aead_innerDecrypt
 .text          0x0000000008000374       0x98 C:\Users\Francesco Olivieri\Documents\ST-Libraries\STM32CubeExpansion_Crypto_V4.1.0\Middlewares\ST\STM32_Cryptographic\lib\libSTM32Cryptographic_CM0_CM0PLUS.a(cmox_gcm_fast_aesfast_decrypt.c.o)
 .text          0x000000000800040c       0x98 C:\Users\Francesco Olivieri\Documents\ST-Libraries\STM32CubeExpansion_Crypto_V4.1.0\Middlewares\ST\STM32_Cryptographic\lib\libSTM32Cryptographic_CM0_CM0PLUS.a(cmox_gcm_fast_aesfast_encrypt.c.o)
 .text          0x00000000080004a4      0x1c0 C:\Users\Francesco Olivieri\Documents\ST-Libraries\STM32CubeExpansion_Crypto_V4.1.0\Middlewares\ST\STM32_Cryptographic\lib\libSTM32Cryptographic_CM0_CM0PLUS.a(cmox_gcm_fast_common.c.o)
 .text          0x0000000008000664       0x24 C:\Users\Francesco Olivieri\Documents\ST-Libraries\STM32CubeExpansion_Crypto_V4.1.0\Middlewares\ST\STM32_Cryptographic\lib\libSTM32Cryptographic_CM0_CM0PLUS.a(cmox_gcm_fast_common.c.o)
                0x0000000008000664                cmox_gcmFast_cleanup
 .text          0x0000000008000688       0x24 C:\Users\Francesco Olivieri\Documents\ST-Libraries\STM32CubeExpansion_Crypto_V4.1.0\Middlewares\ST\STM32_Cryptographic\lib\libSTM32Cryptographic_CM0_CM0PLUS.a(cmox_gcm_fast_common.c.o)
                0x0000000008000688                cmox_gcmFast_init
 .text          0x00000000080006ac      0x1b8 C:\Users\Francesco Olivieri\Documents\ST-Libraries\STM32CubeExpansion_Crypto_V4.1.0\Middlewares\ST\STM32_Cryptographic\lib\libSTM32Cryptographic_CM0_CM0PLUS.a(cmox_gcm_fast_common.c.o)
                0x00000000080006ac                cmox_gcmFast_setKey
 .text          0x0000000008000864       0x70 C:\Users\Francesco Olivieri\Documents\ST-Libraries\STM32CubeExpansion_Crypto_V4.1.0\Middlewares\ST\STM32_Cryptographic\lib\libSTM32Cryptographic_CM0_CM0PLUS.a(cmox_gcm_fast_common.c.o)
                0x0000000008000864                cmox_gcmFast_setIV
 .text          0x00000000080008d4       0x30 C:\Users\Francesco Olivieri\Documents\ST-Libraries\STM32CubeExpansion_Crypto_V4.1.0\Middlewares\ST\STM32_Cryptographic\lib\libSTM32Cryptographic_CM0_CM0PLUS.a(cmox_gcm_fast_common.c.o)
                0x00000000080008d4                cmox_gcmFast_setTagLen
 .text          0x0000000008000904       0x40 C:\Users\Francesco Olivieri\Documents\ST-Libraries\STM32CubeExpansion_Crypto_V4.1.0\Middlewares\ST\STM32_Cryptographic\lib\libSTM32Cryptographic_CM0_CM0PLUS.a(cmox_gcm_fast_common.c.o)
                0x0000000008000904                cmox_gcmFast_appendAD
 .text          0x0000000008000944        0xa C:\Users\Francesco Olivieri\Documents\ST-Libraries\STM32CubeExpansion_Crypto_V4.1.0\Middlewares\ST\STM32_Cryptographic\lib\libSTM32Cryptographic_CM0_CM0PLUS.a(cmox_gcm_fast_common.c.o)
                0x0000000008000944                cmox_gcmFast_getByCipher
 .text          0x000000000800094e       0x1e C:\Users\Francesco Olivieri\Documents\ST-Libraries\STM32CubeExpansion_Crypto_V4.1.0\Middlewares\ST\STM32_Cryptographic\lib\libSTM32Cryptographic_CM0_CM0PLUS.a(cmox_gcm_fast_common.c.o)
                0x000000000800094e                cmox_gcmFast_construct
 .text          0x000000000800096c       0x14 C:\Users\Francesco Olivieri\Documents\ST-Libraries\STM32CubeExpansion_Crypto_V4.1.0\Middlewares\ST\STM32_Cryptographic\lib\libSTM32Cryptographic_CM0_CM0PLUS.a(cmox_gcm_fast_decrypt.c.o)
 .text          0x0000000008000980       0x14 C:\Users\Francesco Olivieri\Documents\ST-Libraries\STM32CubeExpansion_Crypto_V4.1.0\Middlewares\ST\STM32_Cryptographic\lib\libSTM32Cryptographic_CM0_CM0PLUS.a(cmox_gcm_fast_decrypt.c.o)
 .text          0x0000000008000994       0x14 C:\Users\Francesco Olivieri\Documents\ST-Libraries\STM32CubeExpansion_Crypto_V4.1.0\Middlewares\ST\STM32_Cryptographic\lib\libSTM32Cryptographic_CM0_CM0PLUS.a(cmox_gcm_fast_decrypt.c.o)
 .text          0x00000000080009a8       0x14 C:\Users\Francesco Olivieri\Documents\ST-Libraries\STM32CubeExpansion_Crypto_V4.1.0\Middlewares\ST\STM32_Cryptographic\lib\libSTM32Cryptographic_CM0_CM0PLUS.a(cmox_gcm_fast_decrypt.c.o)
 .text          0x00000000080009bc       0x14 C:\Users\Francesco Olivieri\Documents\ST-Libraries\STM32CubeExpansion_Crypto_V4.1.0\Middlewares\ST\STM32_Cryptographic\lib\libSTM32Cryptographic_CM0_CM0PLUS.a(cmox_gcm_fast_decrypt.c.o)
 .text          0x00000000080009d0       0x14 C:\Users\Francesco Olivieri\Documents\ST-Libraries\STM32CubeExpansion_Crypto_V4.1.0\Middlewares\ST\STM32_Cryptographic\lib\libSTM32Cryptographic_CM0_CM0PLUS.a(cmox_gcm_fast_decrypt.c.o)
 .text          0x00000000080009e4       0x44 C:\Users\Francesco Olivieri\Documents\ST-Libraries\STM32CubeExpansion_Crypto_V4.1.0\Middlewares\ST\STM32_Cryptographic\lib\libSTM32Cryptographic_CM0_CM0PLUS.a(cmox_gcm_fast_decrypt.c.o)
 .text          0x0000000008000a28       0x3c C:\Users\Francesco Olivieri\Documents\ST-Libraries\STM32CubeExpansion_Crypto_V4.1.0\Middlewares\ST\STM32_Cryptographic\lib\libSTM32Cryptographic_CM0_CM0PLUS.a(cmox_gcm_fast_decrypt.c.o)
 .text          0x0000000008000a64       0x20 C:\Users\Francesco Olivieri\Documents\ST-Libraries\STM32CubeExpansion_Crypto_V4.1.0\Middlewares\ST\STM32_Cryptographic\lib\libSTM32Cryptographic_CM0_CM0PLUS.a(cmox_gcm_fast_decrypt.c.o)
                0x0000000008000a64                cmox_gcmFastDecrypt_construct
 .text          0x0000000008000a84       0x14 C:\Users\Francesco Olivieri\Documents\ST-Libraries\STM32CubeExpansion_Crypto_V4.1.0\Middlewares\ST\STM32_Cryptographic\lib\libSTM32Cryptographic_CM0_CM0PLUS.a(cmox_gcm_fast_encrypt.c.o)
 .text          0x0000000008000a98       0x14 C:\Users\Francesco Olivieri\Documents\ST-Libraries\STM32CubeExpansion_Crypto_V4.1.0\Middlewares\ST\STM32_Cryptographic\lib\libSTM32Cryptographic_CM0_CM0PLUS.a(cmox_gcm_fast_encrypt.c.o)
 .text          0x0000000008000aac       0x14 C:\Users\Francesco Olivieri\Documents\ST-Libraries\STM32CubeExpansion_Crypto_V4.1.0\Middlewares\ST\STM32_Cryptographic\lib\libSTM32Cryptographic_CM0_CM0PLUS.a(cmox_gcm_fast_encrypt.c.o)
 .text          0x0000000008000ac0       0x14 C:\Users\Francesco Olivieri\Documents\ST-Libraries\STM32CubeExpansion_Crypto_V4.1.0\Middlewares\ST\STM32_Cryptographic\lib\libSTM32Cryptographic_CM0_CM0PLUS.a(cmox_gcm_fast_encrypt.c.o)
 .text          0x0000000008000ad4       0x14 C:\Users\Francesco Olivieri\Documents\ST-Libraries\STM32CubeExpansion_Crypto_V4.1.0\Middlewares\ST\STM32_Cryptographic\lib\libSTM32Cryptographic_CM0_CM0PLUS.a(cmox_gcm_fast_encrypt.c.o)
 .text          0x0000000008000ae8       0x14 C:\Users\Francesco Olivieri\Documents\ST-Libraries\STM32CubeExpansion_Crypto_V4.1.0\Middlewares\ST\STM32_Cryptographic\lib\libSTM32Cryptographic_CM0_CM0PLUS.a(cmox_gcm_fast_encrypt.c.o)
 .text          0x0000000008000afc       0x44 C:\Users\Francesco Olivieri\Documents\ST-Libraries\STM32CubeExpansion_Crypto_V4.1.0\Middlewares\ST\STM32_Cryptographic\lib\libSTM32Cryptographic_CM0_CM0PLUS.a(cmox_gcm_fast_encrypt.c.o)
 .text          0x0000000008000b40       0x3c C:\Users\Francesco Olivieri\Documents\ST-Libraries\STM32CubeExpansion_Crypto_V4.1.0\Middlewares\ST\STM32_Cryptographic\lib\libSTM32Cryptographic_CM0_CM0PLUS.a(cmox_gcm_fast_encrypt.c.o)
 .text          0x0000000008000b7c       0x20 C:\Users\Francesco Olivieri\Documents\ST-Libraries\STM32CubeExpansion_Crypto_V4.1.0\Middlewares\ST\STM32_Cryptographic\lib\libSTM32Cryptographic_CM0_CM0PLUS.a(cmox_gcm_fast_encrypt.c.o)
                0x0000000008000b7c                cmox_gcmFastEncrypt_construct
 .text          0x0000000008000b9c       0x28 C:\Users\Francesco Olivieri\Documents\ST-Libraries\STM32CubeExpansion_Crypto_V4.1.0\Middlewares\ST\STM32_Cryptographic\lib\libSTM32Cryptographic_CM0_CM0PLUS.a(cmox_init.c.o)
                0x0000000008000b9c                cmox_initialize
 .text          0x0000000008000bc4      0x2dc C:\Users\Francesco Olivieri\Documents\ST-Libraries\STM32CubeExpansion_Crypto_V4.1.0\Middlewares\ST\STM32_Cryptographic\lib\libSTM32Cryptographic_CM0_CM0PLUS.a(cmox_aesfast_encrypt.c.o)
 .text          0x0000000008000ea0      0x3c0 C:\Users\Francesco Olivieri\Documents\ST-Libraries\STM32CubeExpansion_Crypto_V4.1.0\Middlewares\ST\STM32_Cryptographic\lib\libSTM32Cryptographic_CM0_CM0PLUS.a(cmox_cipher_modes.c.o)
                0x0000000008000ea0                cmox_cipherMode_setKey
 .text          0x0000000008001260        0x6 C:\Users\Francesco Olivieri\Documents\ST-Libraries\STM32CubeExpansion_Crypto_V4.1.0\Middlewares\ST\STM32_Cryptographic\lib\libSTM32Cryptographic_CM0_CM0PLUS.a(cmox_cipher_modes.c.o)
                0x0000000008001260                cmox_cipher_setPayloadLen_empty
 .text          0x0000000008001266        0x6 C:\Users\Francesco Olivieri\Documents\ST-Libraries\STM32CubeExpansion_Crypto_V4.1.0\Middlewares\ST\STM32_Cryptographic\lib\libSTM32Cryptographic_CM0_CM0PLUS.a(cmox_cipher_modes.c.o)
                0x0000000008001266                cmox_cipher_setADLen_empty
 .text          0x000000000800126c        0x8 C:\Users\Francesco Olivieri\Documents\ST-Libraries\STM32CubeExpansion_Crypto_V4.1.0\Middlewares\ST\STM32_Cryptographic\lib\libSTM32Cryptographic_CM0_CM0PLUS.a(cmox_cipher_modes.c.o)
                0x000000000800126c                cmox_cipher_generateTag_empty
 .text          0x0000000008001274        0x8 C:\Users\Francesco Olivieri\Documents\ST-Libraries\STM32CubeExpansion_Crypto_V4.1.0\Middlewares\ST\STM32_Cryptographic\lib\libSTM32Cryptographic_CM0_CM0PLUS.a(cmox_cipher_modes.c.o)
                0x0000000008001274                cmox_cipher_verifyTag_empty
 .text          0x000000000800127c        0x8 C:\Users\Francesco Olivieri\Documents\ST-Libraries\STM32CubeExpansion_Crypto_V4.1.0\Middlewares\ST\STM32_Cryptographic\lib\libSTM32Cryptographic_CM0_CM0PLUS.a(cmox_cipher_modes.c.o)
 .text          0x0000000008001284       0x24 C:\Users\Francesco Olivieri\Documents\ST-Libraries\STM32CubeExpansion_Crypto_V4.1.0\Middlewares\ST\STM32_Cryptographic\lib\libSTM32Cryptographic_CM0_CM0PLUS.a(cmox_gcm_common.c.o)
                0x0000000008001284                poly_xor
 .text          0x00000000080012a8       0x12 C:\Users\Francesco Olivieri\Documents\ST-Libraries\STM32CubeExpansion_Crypto_V4.1.0\Middlewares\ST\STM32_Cryptographic\lib\libSTM32Cryptographic_CM0_CM0PLUS.a(cmox_gcm_common.c.o)
                0x00000000080012a8                poly_copy
 .text          0x00000000080012ba       0x3a C:\Users\Francesco Olivieri\Documents\ST-Libraries\STM32CubeExpansion_Crypto_V4.1.0\Middlewares\ST\STM32_Cryptographic\lib\libSTM32Cryptographic_CM0_CM0PLUS.a(cmox_gcm_common.c.o)
                0x00000000080012ba                gfmul_x
 .text          0x00000000080012f4       0x40 C:\Users\Francesco Olivieri\Documents\ST-Libraries\STM32CubeExpansion_Crypto_V4.1.0\Middlewares\ST\STM32_Cryptographic\lib\libSTM32Cryptographic_CM0_CM0PLUS.a(cmox_gcm_common.c.o)
                0x00000000080012f4                gfmul_x4
 .text          0x0000000008001334       0x48 C:\Users\Francesco Olivieri\Documents\ST-Libraries\STM32CubeExpansion_Crypto_V4.1.0\Middlewares\ST\STM32_Cryptographic\lib\libSTM32Cryptographic_CM0_CM0PLUS.a(cmox_gcm_common.c.o)
                0x0000000008001354                cmox_gcm_initCommon
 .text          0x000000000800137c      0x12a C:\Users\Francesco Olivieri\Documents\ST-Libraries\STM32CubeExpansion_Crypto_V4.1.0\Middlewares\ST\STM32_Cryptographic\lib\libSTM32Cryptographic_CM0_CM0PLUS.a(cmox_gcm_common.c.o)
                0x000000000800137c                cmox_gcm_appendAD_common
 .text          0x00000000080014a6       0x62 C:\Users\Francesco Olivieri\Documents\ST-Libraries\STM32CubeExpansion_Crypto_V4.1.0\Middlewares\ST\STM32_Cryptographic\lib\libSTM32Cryptographic_CM0_CM0PLUS.a(cmox_gcm_common.c.o)
 .text          0x0000000008001508      0x24c C:\Users\Francesco Olivieri\Documents\ST-Libraries\STM32CubeExpansion_Crypto_V4.1.0\Middlewares\ST\STM32_Cryptographic\lib\libSTM32Cryptographic_CM0_CM0PLUS.a(cmox_gcm_common.c.o)
                0x0000000008001508                cmox_gcm_encrypt_common
 .text          0x0000000008001754       0xa8 C:\Users\Francesco Olivieri\Documents\ST-Libraries\STM32CubeExpansion_Crypto_V4.1.0\Middlewares\ST\STM32_Cryptographic\lib\libSTM32Cryptographic_CM0_CM0PLUS.a(cmox_gcm_common.c.o)
                0x0000000008001754                cmox_gcm_generateTag_common
 .text          0x00000000080017fc      0x244 C:\Users\Francesco Olivieri\Documents\ST-Libraries\STM32CubeExpansion_Crypto_V4.1.0\Middlewares\ST\STM32_Cryptographic\lib\libSTM32Cryptographic_CM0_CM0PLUS.a(cmox_gcm_common.c.o)
                0x00000000080017fc                cmox_gcm_decrypt_common
 .text          0x0000000008001a40       0x74 C:\Users\Francesco Olivieri\Documents\ST-Libraries\STM32CubeExpansion_Crypto_V4.1.0\Middlewares\ST\STM32_Cryptographic\lib\libSTM32Cryptographic_CM0_CM0PLUS.a(cmox_gcm_common.c.o)
                0x0000000008001a40                cmox_gcm_decrypt_verify_common
 .text          0x0000000008001ab4       0x3c C:\Users\Francesco Olivieri\Documents\ST-Libraries\STM32CubeExpansion_Crypto_V4.1.0\Middlewares\ST\STM32_Cryptographic\lib\libSTM32Cryptographic_CM0_CM0PLUS.a(cmox_utils_compare.c.o)
 .text          0x0000000008001af0       0x38 C:\Users\Francesco Olivieri\Documents\ST-Libraries\STM32CubeExpansion_Crypto_V4.1.0\Middlewares\ST\STM32_Cryptographic\lib\libSTM32Cryptographic_CM0_CM0PLUS.a(cmox_utils_compare.c.o)
 .text          0x0000000008001b28       0xa0 C:\Users\Francesco Olivieri\Documents\ST-Libraries\STM32CubeExpansion_Crypto_V4.1.0\Middlewares\ST\STM32_Cryptographic\lib\libSTM32Cryptographic_CM0_CM0PLUS.a(cmox_utils_compare.c.o)
 .text          0x0000000008001bc8       0x9e C:\Users\Francesco Olivieri\Documents\ST-Libraries\STM32CubeExpansion_Crypto_V4.1.0\Middlewares\ST\STM32_Cryptographic\lib\libSTM32Cryptographic_CM0_CM0PLUS.a(cmox_utils_compare.c.o)
 *fill*         0x0000000008001c66        0x2 
 .text          0x0000000008001c68       0xe4 C:\Users\Francesco Olivieri\Documents\ST-Libraries\STM32CubeExpansion_Crypto_V4.1.0\Middlewares\ST\STM32_Cryptographic\lib\libSTM32Cryptographic_CM0_CM0PLUS.a(cmox_utils_compare.c.o)
                0x0000000008001c74                cmox_utils_robustCmp
 .text          0x0000000008001d4c      0x120 C:\Users\Francesco Olivieri\Documents\ST-Libraries\STM32CubeExpansion_Crypto_V4.1.0\Middlewares\ST\STM32_Cryptographic\lib\libSTM32Cryptographic_CM0_CM0PLUS.a(cmox_aes_common.c.o)
                0x0000000008001d4c                cmox_aesSmall_keySchedule
 .text          0x0000000008001e6c        0xe c:/st/stm32cubeide_1.10.1/stm32cubeide/plugins/com.st.stm32cube.ide.mcu.externaltools.gnu-tools-for-stm32.10.3-2021.10.win32_1.0.200.202301161003/tools/bin/../lib/gcc/arm-none-eabi/10.3.1/../../../../arm-none-eabi/lib/thumb/v6-m/nofp\libc_nano.a(lib_a-strlen.o)
                0x0000000008001e6c                strlen
 *fill*         0x0000000008001e7a        0x2 
 .text          0x0000000008001e7c       0x14 c:/st/stm32cubeide_1.10.1/stm32cubeide/plugins/com.st.stm32cube.ide.mcu.externaltools.gnu-tools-for-stm32.10.3-2021.10.win32_1.0.200.202301161003/tools/bin/../lib/gcc/arm-none-eabi/10.3.1/thumb/v6-m/nofp\libgcc.a(_thumb1_case_shi.o)
                0x0000000008001e7c                __gnu_thumb1_case_shi
 .text          0x0000000008001e90      0x114 c:/st/stm32cubeide_1.10.1/stm32cubeide/plugins/com.st.stm32cube.ide.mcu.externaltools.gnu-tools-for-stm32.10.3-2021.10.win32_1.0.200.202301161003/tools/bin/../lib/gcc/arm-none-eabi/10.3.1/thumb/v6-m/nofp\libgcc.a(_udivsi3.o)
                0x0000000008001e90                __aeabi_uidiv
                0x0000000008001e90                __udivsi3
                0x0000000008001f9c                __aeabi_uidivmod
 .text          0x0000000008001fa4      0x1d4 c:/st/stm32cubeide_1.10.1/stm32cubeide/plugins/com.st.stm32cube.ide.mcu.externaltools.gnu-tools-for-stm32.10.3-2021.10.win32_1.0.200.202301161003/tools/bin/../lib/gcc/arm-none-eabi/10.3.1/thumb/v6-m/nofp\libgcc.a(_divsi3.o)
                0x0000000008001fa4                __divsi3
                0x0000000008001fa4                __aeabi_idiv
                0x0000000008002170                __aeabi_idivmod
 .text          0x0000000008002178        0x4 c:/st/stm32cubeide_1.10.1/stm32cubeide/plugins/com.st.stm32cube.ide.mcu.externaltools.gnu-tools-for-stm32.10.3-2021.10.win32_1.0.200.202301161003/tools/bin/../lib/gcc/arm-none-eabi/10.3.1/thumb/v6-m/nofp\libgcc.a(_dvmd_tls.o)
                0x0000000008002178                __aeabi_idiv0
                0x0000000008002178                __aeabi_ldiv0
 .text          0x000000000800217c       0x40 c:/st/stm32cubeide_1.10.1/stm32cubeide/plugins/com.st.stm32cube.ide.mcu.externaltools.gnu-tools-for-stm32.10.3-2021.10.win32_1.0.200.202301161003/tools/bin/../lib/gcc/arm-none-eabi/10.3.1/thumb/v6-m/nofp\libgcc.a(_aeabi_uldivmod.o)
                0x000000000800217c                __aeabi_uldivmod
 .text          0x00000000080021bc      0x198 c:/st/stm32cubeide_1.10.1/stm32cubeide/plugins/com.st.stm32cube.ide.mcu.externaltools.gnu-tools-for-stm32.10.3-2021.10.win32_1.0.200.202301161003/tools/bin/../lib/gcc/arm-none-eabi/10.3.1/thumb/v6-m/nofp\libgcc.a(_udivmoddi4.o)
                0x00000000080021bc                __udivmoddi4
 .text          0x0000000008002354       0x18 c:/st/stm32cubeide_1.10.1/stm32cubeide/plugins/com.st.stm32cube.ide.mcu.externaltools.gnu-tools-for-stm32.10.3-2021.10.win32_1.0.200.202301161003/tools/bin/../lib/gcc/arm-none-eabi/10.3.1/thumb/v6-m/nofp\libgcc.a(_clzdi2.o)
                0x0000000008002354                __clzdi2
 .text          0x000000000800236c       0x3c c:/st/stm32cubeide_1.10.1/stm32cubeide/plugins/com.st.stm32cube.ide.mcu.externaltools.gnu-tools-for-stm32.10.3-2021.10.win32_1.0.200.202301161003/tools/bin/../lib/gcc/arm-none-eabi/10.3.1/thumb/v6-m/nofp\libgcc.a(_clzsi2.o)
                0x000000000800236c                __clzsi2
 *(.text*)
 .text.HCI_TL_SPI_Init
                0x00000000080023a8       0xac ./BlueNRG-MS/Target/hci_tl_interface.o
                0x00000000080023a8                HCI_TL_SPI_Init
 .text.HCI_TL_SPI_DeInit
                0x0000000008002454       0x34 ./BlueNRG-MS/Target/hci_tl_interface.o
                0x0000000008002454                HCI_TL_SPI_DeInit
 .text.HCI_TL_SPI_Reset
                0x0000000008002488       0x46 ./BlueNRG-MS/Target/hci_tl_interface.o
                0x0000000008002488                HCI_TL_SPI_Reset
 *fill*         0x00000000080024ce        0x2 
 .text.HCI_TL_SPI_Receive
                0x00000000080024d0       0xf0 ./BlueNRG-MS/Target/hci_tl_interface.o
                0x00000000080024d0                HCI_TL_SPI_Receive
 .text.HCI_TL_SPI_Send
                0x00000000080025c0       0xb8 ./BlueNRG-MS/Target/hci_tl_interface.o
                0x00000000080025c0                HCI_TL_SPI_Send
 .text.IsDataAvailable
                0x0000000008002678       0x20 ./BlueNRG-MS/Target/hci_tl_interface.o
 .text.hci_tl_lowlevel_init
                0x0000000008002698       0x84 ./BlueNRG-MS/Target/hci_tl_interface.o
                0x0000000008002698                hci_tl_lowlevel_init
 .text.hci_tl_lowlevel_isr
                0x000000000800271c       0x20 ./BlueNRG-MS/Target/hci_tl_interface.o
                0x000000000800271c                hci_tl_lowlevel_isr
 .text.BlueNRG_Init
                0x000000000800273c      0x180 ./Core/Src/app_bluenrg.o
                0x000000000800273c                BlueNRG_Init
 .text.BlueNRG_Process
                0x00000000080028bc       0x24 ./Core/Src/app_bluenrg.o
                0x00000000080028bc                BlueNRG_Process
 .text.Enable_Advertising
                0x00000000080028e0       0x50 ./Core/Src/app_bluenrg.o
                0x00000000080028e0                Enable_Advertising
 .text.cmox_ll_init
                0x0000000008002930       0x44 ./Core/Src/cmox_low_level.o
                0x0000000008002930                cmox_ll_init
 .text.MX_CRC_Init
                0x0000000008002974       0x48 ./Core/Src/crc.o
                0x0000000008002974                MX_CRC_Init
 .text.HAL_CRC_MspInit
                0x00000000080029bc       0x40 ./Core/Src/crc.o
                0x00000000080029bc                HAL_CRC_MspInit
 .text.setStartPageAddress
                0x00000000080029fc       0x58 ./Core/Src/flash_manager.o
                0x00000000080029fc                setStartPageAddress
 .text.Write_FW_to_flash
                0x0000000008002a54       0xc0 ./Core/Src/flash_manager.o
                0x0000000008002a54                Write_FW_to_flash
 .text.Prepare_Application_Memory
                0x0000000008002b14      0x118 ./Core/Src/flash_manager.o
                0x0000000008002b14                Prepare_Application_Memory
 .text.go2App   0x0000000008002c2c       0xa8 ./Core/Src/flash_manager.o
                0x0000000008002c2c                go2App
 .text.MX_GPIO_Init
                0x0000000008002cd4      0x130 ./Core/Src/gpio.o
                0x0000000008002cd4                MX_GPIO_Init
 .text.__io_putchar
                0x0000000008002e04       0x24 ./Core/Src/main.o
                0x0000000008002e04                __io_putchar
 .text.main     0x0000000008002e28       0xa0 ./Core/Src/main.o
                0x0000000008002e28                main
 .text.SystemClock_Config
                0x0000000008002ec8       0xbe ./Core/Src/main.o
                0x0000000008002ec8                SystemClock_Config
 .text.Error_Handler
                0x0000000008002f86        0xa ./Core/Src/main.o
                0x0000000008002f86                Error_Handler
 .text.data_handler
                0x0000000008002f90      0x6c4 ./Core/Src/message_handler.o
                0x0000000008002f90                data_handler
 .text.verify_data_type
                0x0000000008003654      0x130 ./Core/Src/message_handler.o
                0x0000000008003654                verify_data_type
 .text.send_ack
                0x0000000008003784      0x1d4 ./Core/Src/message_handler.o
                0x0000000008003784                send_ack
 .text.sum_payload
                0x0000000008003958       0x62 ./Core/Src/message_handler.o
                0x0000000008003958                sum_payload
 *fill*         0x00000000080039ba        0x2 
 .text.init_crypto
                0x00000000080039bc       0x20 ./Core/Src/message_handler.o
                0x00000000080039bc                init_crypto
 .text.decrypt_data
                0x00000000080039dc      0x234 ./Core/Src/message_handler.o
                0x00000000080039dc                decrypt_data
 .text.encrypt_data
                0x0000000008003c10      0x1a8 ./Core/Src/message_handler.o
                0x0000000008003c10                encrypt_data
 .text.checkFWSize
                0x0000000008003db8       0xa4 ./Core/Src/message_handler.o
                0x0000000008003db8                checkFWSize
 .text.init_rand_generator
                0x0000000008003e5c       0x20 ./Core/Src/rand_generator.o
                0x0000000008003e5c                init_rand_generator
 .text.get_rand_byte
                0x0000000008003e7c       0x94 ./Core/Src/rand_generator.o
                0x0000000008003e7c                get_rand_byte
 .text.add_FW_Update_Service
                0x0000000008003f10      0x118 ./Core/Src/service.o
                0x0000000008003f10                add_FW_Update_Service
 .text.Update_TX_Char
                0x0000000008004028       0x98 ./Core/Src/service.o
                0x0000000008004028                Update_TX_Char
 .text.GAP_ConnectionComplete_CB
                0x00000000080040c0       0x80 ./Core/Src/service.o
                0x00000000080040c0                GAP_ConnectionComplete_CB
 .text.GAP_DisconnectionComplete_CB
                0x0000000008004140       0xd0 ./Core/Src/service.o
                0x0000000008004140                GAP_DisconnectionComplete_CB
 .text.Attribute_Modified_CB
                0x0000000008004210       0x64 ./Core/Src/service.o
                0x0000000008004210                Attribute_Modified_CB
 .text.HCI_Event_CB
                0x0000000008004274      0x130 ./Core/Src/service.o
                0x0000000008004274                HCI_Event_CB
 .text.HAL_MspInit
                0x00000000080043a4       0x48 ./Core/Src/stm32g0xx_hal_msp.o
                0x00000000080043a4                HAL_MspInit
 .text.NMI_Handler
                0x00000000080043ec        0x6 ./Core/Src/stm32g0xx_it.o
                0x00000000080043ec                NMI_Handler
 .text.HardFault_Handler
                0x00000000080043f2        0x6 ./Core/Src/stm32g0xx_it.o
                0x00000000080043f2                HardFault_Handler
 .text.SVC_Handler
                0x00000000080043f8        0xa ./Core/Src/stm32g0xx_it.o
                0x00000000080043f8                SVC_Handler
 .text.PendSV_Handler
                0x0000000008004402        0xa ./Core/Src/stm32g0xx_it.o
                0x0000000008004402                PendSV_Handler
 .text.SysTick_Handler
                0x000000000800440c        0xe ./Core/Src/stm32g0xx_it.o
                0x000000000800440c                SysTick_Handler
 *fill*         0x000000000800441a        0x2 
 .text.EXTI0_1_IRQHandler
                0x000000000800441c       0x18 ./Core/Src/stm32g0xx_it.o
                0x000000000800441c                EXTI0_1_IRQHandler
 .text.BSP_SPI1_Init
                0x0000000008004434       0x60 ./Core/Src/stm32g0xx_nucleo_bus.o
                0x0000000008004434                BSP_SPI1_Init
 .text.BSP_SPI1_SendRecv
                0x0000000008004494       0x40 ./Core/Src/stm32g0xx_nucleo_bus.o
                0x0000000008004494                BSP_SPI1_SendRecv
 .text.BSP_GetTick
                0x00000000080044d4       0x10 ./Core/Src/stm32g0xx_nucleo_bus.o
                0x00000000080044d4                BSP_GetTick
 .text.MX_SPI1_Init
                0x00000000080044e4       0x90 ./Core/Src/stm32g0xx_nucleo_bus.o
                0x00000000080044e4                MX_SPI1_Init
 .text.SPI1_MspInit
                0x0000000008004574       0xec ./Core/Src/stm32g0xx_nucleo_bus.o
 .text._read    0x0000000008004660       0x3a ./Core/Src/syscalls.o
                0x0000000008004660                _read
 .text._write   0x000000000800469a       0x38 ./Core/Src/syscalls.o
                0x000000000800469a                _write
 .text._close   0x00000000080046d2       0x14 ./Core/Src/syscalls.o
                0x00000000080046d2                _close
 .text._fstat   0x00000000080046e6       0x1c ./Core/Src/syscalls.o
                0x00000000080046e6                _fstat
 .text._isatty  0x0000000008004702       0x12 ./Core/Src/syscalls.o
                0x0000000008004702                _isatty
 .text._lseek   0x0000000008004714       0x16 ./Core/Src/syscalls.o
                0x0000000008004714                _lseek
 *fill*         0x000000000800472a        0x2 
 .text._sbrk    0x000000000800472c       0x6c ./Core/Src/sysmem.o
                0x000000000800472c                _sbrk
 .text.SystemInit
                0x0000000008004798        0xa ./Core/Src/system_stm32g0xx.o
                0x0000000008004798                SystemInit
 *fill*         0x00000000080047a2        0x2 
 .text.MX_TIM1_Init
                0x00000000080047a4       0xb8 ./Core/Src/tim.o
                0x00000000080047a4                MX_TIM1_Init
 .text.HAL_TIM_Base_MspInit
                0x000000000800485c       0x6c ./Core/Src/tim.o
                0x000000000800485c                HAL_TIM_Base_MspInit
 .text.MX_USART2_UART_Init
                0x00000000080048c8       0x9c ./Core/Src/usart.o
                0x00000000080048c8                MX_USART2_UART_Init
 .text.HAL_UART_MspInit
                0x0000000008004964       0xc0 ./Core/Src/usart.o
                0x0000000008004964                HAL_UART_MspInit
 .text.Reset_Handler
                0x0000000008004a24       0x50 ./Core/Startup/startup_stm32g0b1retx.o
                0x0000000008004a24                Reset_Handler
 .text.Default_Handler
                0x0000000008004a74        0x2 ./Core/Startup/startup_stm32g0b1retx.o
                0x0000000008004a74                I2C2_3_IRQHandler
                0x0000000008004a74                USART3_4_5_6_LPUART1_IRQHandler
                0x0000000008004a74                TIM1_CC_IRQHandler
                0x0000000008004a74                ADC1_COMP_IRQHandler
                0x0000000008004a74                I2C1_IRQHandler
                0x0000000008004a74                TIM7_LPTIM2_IRQHandler
                0x0000000008004a74                TIM17_FDCAN_IT1_IRQHandler
                0x0000000008004a74                DMA1_Ch4_7_DMA2_Ch1_5_DMAMUX1_OVR_IRQHandler
                0x0000000008004a74                RCC_CRS_IRQHandler
                0x0000000008004a74                RTC_TAMP_IRQHandler
                0x0000000008004a74                SPI1_IRQHandler
                0x0000000008004a74                USB_UCPD1_2_IRQHandler
                0x0000000008004a74                EXTI2_3_IRQHandler
                0x0000000008004a74                USART2_LPUART2_IRQHandler
                0x0000000008004a74                PVD_VDDIO2_IRQHandler
                0x0000000008004a74                EXTI4_15_IRQHandler
                0x0000000008004a74                DMA1_Channel1_IRQHandler
                0x0000000008004a74                Default_Handler
                0x0000000008004a74                CEC_IRQHandler
                0x0000000008004a74                TIM14_IRQHandler
                0x0000000008004a74                TIM15_IRQHandler
                0x0000000008004a74                TIM3_TIM4_IRQHandler
                0x0000000008004a74                SPI2_3_IRQHandler
                0x0000000008004a74                TIM6_DAC_LPTIM1_IRQHandler
                0x0000000008004a74                WWDG_IRQHandler
                0x0000000008004a74                TIM2_IRQHandler
                0x0000000008004a74                DMA1_Channel2_3_IRQHandler
                0x0000000008004a74                FLASH_IRQHandler
                0x0000000008004a74                USART1_IRQHandler
                0x0000000008004a74                TIM16_FDCAN_IT0_IRQHandler
                0x0000000008004a74                TIM1_BRK_UP_TRG_COM_IRQHandler
 *fill*         0x0000000008004a76        0x2 
 .text.HAL_Init
                0x0000000008004a78       0x40 ./Drivers/STM32G0xx_HAL_Driver/Src/stm32g0xx_hal.o
                0x0000000008004a78                HAL_Init
 .text.HAL_DeInit
                0x0000000008004ab8       0x4c ./Drivers/STM32G0xx_HAL_Driver/Src/stm32g0xx_hal.o
                0x0000000008004ab8                HAL_DeInit
 .text.HAL_MspDeInit
                0x0000000008004b04        0xa ./Drivers/STM32G0xx_HAL_Driver/Src/stm32g0xx_hal.o
                0x0000000008004b04                HAL_MspDeInit
 *fill*         0x0000000008004b0e        0x2 
 .text.HAL_InitTick
                0x0000000008004b10       0x94 ./Drivers/STM32G0xx_HAL_Driver/Src/stm32g0xx_hal.o
                0x0000000008004b10                HAL_InitTick
 .text.HAL_IncTick
                0x0000000008004ba4       0x24 ./Drivers/STM32G0xx_HAL_Driver/Src/stm32g0xx_hal.o
                0x0000000008004ba4                HAL_IncTick
 .text.HAL_GetTick
                0x0000000008004bc8       0x14 ./Drivers/STM32G0xx_HAL_Driver/Src/stm32g0xx_hal.o
                0x0000000008004bc8                HAL_GetTick
 .text.HAL_Delay
                0x0000000008004bdc       0x48 ./Drivers/STM32G0xx_HAL_Driver/Src/stm32g0xx_hal.o
                0x0000000008004bdc                HAL_Delay
 .text.__NVIC_EnableIRQ
                0x0000000008004c24       0x34 ./Drivers/STM32G0xx_HAL_Driver/Src/stm32g0xx_hal_cortex.o
 .text.__NVIC_SetPriority
                0x0000000008004c58       0xdc ./Drivers/STM32G0xx_HAL_Driver/Src/stm32g0xx_hal_cortex.o
 .text.SysTick_Config
                0x0000000008004d34       0x48 ./Drivers/STM32G0xx_HAL_Driver/Src/stm32g0xx_hal_cortex.o
 .text.HAL_NVIC_SetPriority
                0x0000000008004d7c       0x2a ./Drivers/STM32G0xx_HAL_Driver/Src/stm32g0xx_hal_cortex.o
                0x0000000008004d7c                HAL_NVIC_SetPriority
 .text.HAL_NVIC_EnableIRQ
                0x0000000008004da6       0x20 ./Drivers/STM32G0xx_HAL_Driver/Src/stm32g0xx_hal_cortex.o
                0x0000000008004da6                HAL_NVIC_EnableIRQ
 .text.HAL_SYSTICK_Config
                0x0000000008004dc6       0x1a ./Drivers/STM32G0xx_HAL_Driver/Src/stm32g0xx_hal_cortex.o
                0x0000000008004dc6                HAL_SYSTICK_Config
 .text.HAL_CRC_Init
                0x0000000008004de0       0xcc ./Drivers/STM32G0xx_HAL_Driver/Src/stm32g0xx_hal_crc.o
                0x0000000008004de0                HAL_CRC_Init
 .text.HAL_CRCEx_Polynomial_Set
                0x0000000008004eac       0xda ./Drivers/STM32G0xx_HAL_Driver/Src/stm32g0xx_hal_crc_ex.o
                0x0000000008004eac                HAL_CRCEx_Polynomial_Set
 .text.HAL_EXTI_RegisterCallback
                0x0000000008004f86       0x64 ./Drivers/STM32G0xx_HAL_Driver/Src/stm32g0xx_hal_exti.o
                0x0000000008004f86                HAL_EXTI_RegisterCallback
 .text.HAL_EXTI_GetHandle
                0x0000000008004fea       0x24 ./Drivers/STM32G0xx_HAL_Driver/Src/stm32g0xx_hal_exti.o
                0x0000000008004fea                HAL_EXTI_GetHandle
 *fill*         0x000000000800500e        0x2 
 .text.HAL_EXTI_IRQHandler
                0x0000000008005010       0x94 ./Drivers/STM32G0xx_HAL_Driver/Src/stm32g0xx_hal_exti.o
                0x0000000008005010                HAL_EXTI_IRQHandler
 .text.HAL_FLASH_Program
                0x00000000080050a4       0x9c ./Drivers/STM32G0xx_HAL_Driver/Src/stm32g0xx_hal_flash.o
                0x00000000080050a4                HAL_FLASH_Program
 .text.HAL_FLASH_Unlock
                0x0000000008005140       0x48 ./Drivers/STM32G0xx_HAL_Driver/Src/stm32g0xx_hal_flash.o
                0x0000000008005140                HAL_FLASH_Unlock
 .text.HAL_FLASH_Lock
                0x0000000008005188       0x38 ./Drivers/STM32G0xx_HAL_Driver/Src/stm32g0xx_hal_flash.o
                0x0000000008005188                HAL_FLASH_Lock
 .text.FLASH_WaitForLastOperation
                0x00000000080051c0       0x9c ./Drivers/STM32G0xx_HAL_Driver/Src/stm32g0xx_hal_flash.o
                0x00000000080051c0                FLASH_WaitForLastOperation
 .text.FLASH_Program_DoubleWord
                0x000000000800525c       0x40 ./Drivers/STM32G0xx_HAL_Driver/Src/stm32g0xx_hal_flash.o
 .text.HAL_FLASHEx_Erase
                0x000000000800529c       0xe0 ./Drivers/STM32G0xx_HAL_Driver/Src/stm32g0xx_hal_flash_ex.o
                0x000000000800529c                HAL_FLASHEx_Erase
 .text.FLASH_MassErase
                0x000000000800537c       0x28 ./Drivers/STM32G0xx_HAL_Driver/Src/stm32g0xx_hal_flash_ex.o
 .text.FLASH_PageErase
                0x00000000080053a4       0x58 ./Drivers/STM32G0xx_HAL_Driver/Src/stm32g0xx_hal_flash_ex.o
                0x00000000080053a4                FLASH_PageErase
 .text.HAL_GPIO_Init
                0x00000000080053fc      0x2d8 ./Drivers/STM32G0xx_HAL_Driver/Src/stm32g0xx_hal_gpio.o
                0x00000000080053fc                HAL_GPIO_Init
 .text.HAL_GPIO_DeInit
                0x00000000080056d4      0x1b0 ./Drivers/STM32G0xx_HAL_Driver/Src/stm32g0xx_hal_gpio.o
                0x00000000080056d4                HAL_GPIO_DeInit
 .text.HAL_GPIO_ReadPin
                0x0000000008005884       0x3a ./Drivers/STM32G0xx_HAL_Driver/Src/stm32g0xx_hal_gpio.o
                0x0000000008005884                HAL_GPIO_ReadPin
 .text.HAL_GPIO_WritePin
                0x00000000080058be       0x3a ./Drivers/STM32G0xx_HAL_Driver/Src/stm32g0xx_hal_gpio.o
                0x00000000080058be                HAL_GPIO_WritePin
 .text.HAL_PWREx_ControlVoltageScaling
                0x00000000080058f8       0x80 ./Drivers/STM32G0xx_HAL_Driver/Src/stm32g0xx_hal_pwr_ex.o
                0x00000000080058f8                HAL_PWREx_ControlVoltageScaling
 .text.LL_RCC_GetAPB1Prescaler
                0x0000000008005978       0x18 ./Drivers/STM32G0xx_HAL_Driver/Src/stm32g0xx_hal_rcc.o
 .text.HAL_RCC_DeInit
                0x0000000008005990       0xf8 ./Drivers/STM32G0xx_HAL_Driver/Src/stm32g0xx_hal_rcc.o
                0x0000000008005990                HAL_RCC_DeInit
 .text.HAL_RCC_OscConfig
                0x0000000008005a88      0x6c0 ./Drivers/STM32G0xx_HAL_Driver/Src/stm32g0xx_hal_rcc.o
                0x0000000008005a88                HAL_RCC_OscConfig
 .text.HAL_RCC_ClockConfig
                0x0000000008006148      0x210 ./Drivers/STM32G0xx_HAL_Driver/Src/stm32g0xx_hal_rcc.o
                0x0000000008006148                HAL_RCC_ClockConfig
 .text.HAL_RCC_GetSysClockFreq
                0x0000000008006358      0x104 ./Drivers/STM32G0xx_HAL_Driver/Src/stm32g0xx_hal_rcc.o
                0x0000000008006358                HAL_RCC_GetSysClockFreq
 .text.HAL_RCC_GetHCLKFreq
                0x000000000800645c       0x14 ./Drivers/STM32G0xx_HAL_Driver/Src/stm32g0xx_hal_rcc.o
                0x000000000800645c                HAL_RCC_GetHCLKFreq
 .text.HAL_RCC_GetPCLK1Freq
                0x0000000008006470       0x2c ./Drivers/STM32G0xx_HAL_Driver/Src/stm32g0xx_hal_rcc.o
                0x0000000008006470                HAL_RCC_GetPCLK1Freq
 .text.HAL_RCCEx_PeriphCLKConfig
                0x000000000800649c      0x478 ./Drivers/STM32G0xx_HAL_Driver/Src/stm32g0xx_hal_rcc_ex.o
                0x000000000800649c                HAL_RCCEx_PeriphCLKConfig
 .text.HAL_SPI_Init
                0x0000000008006914      0x170 ./Drivers/STM32G0xx_HAL_Driver/Src/stm32g0xx_hal_spi.o
                0x0000000008006914                HAL_SPI_Init
 .text.HAL_SPI_MspInit
                0x0000000008006a84       0x10 ./Drivers/STM32G0xx_HAL_Driver/Src/stm32g0xx_hal_spi.o
                0x0000000008006a84                HAL_SPI_MspInit
 .text.HAL_SPI_TransmitReceive
                0x0000000008006a94      0x3a4 ./Drivers/STM32G0xx_HAL_Driver/Src/stm32g0xx_hal_spi.o
                0x0000000008006a94                HAL_SPI_TransmitReceive
 .text.HAL_SPI_GetState
                0x0000000008006e38       0x18 ./Drivers/STM32G0xx_HAL_Driver/Src/stm32g0xx_hal_spi.o
                0x0000000008006e38                HAL_SPI_GetState
 .text.SPI_WaitFlagStateUntilTimeout
                0x0000000008006e50      0x11c ./Drivers/STM32G0xx_HAL_Driver/Src/stm32g0xx_hal_spi.o
 .text.SPI_WaitFifoStateUntilTimeout
                0x0000000008006f6c      0x144 ./Drivers/STM32G0xx_HAL_Driver/Src/stm32g0xx_hal_spi.o
 .text.SPI_EndRxTxTransaction
                0x00000000080070b0       0x8c ./Drivers/STM32G0xx_HAL_Driver/Src/stm32g0xx_hal_spi.o
 .text.HAL_TIM_Base_Init
                0x000000000800713c       0xb0 ./Drivers/STM32G0xx_HAL_Driver/Src/stm32g0xx_hal_tim.o
                0x000000000800713c                HAL_TIM_Base_Init
 .text.HAL_TIM_Base_Start
                0x00000000080071ec       0xb4 ./Drivers/STM32G0xx_HAL_Driver/Src/stm32g0xx_hal_tim.o
                0x00000000080071ec                HAL_TIM_Base_Start
 .text.HAL_TIM_ConfigClockSource
                0x00000000080072a0      0x1ac ./Drivers/STM32G0xx_HAL_Driver/Src/stm32g0xx_hal_tim.o
                0x00000000080072a0                HAL_TIM_ConfigClockSource
 .text.TIM_Base_SetConfig
                0x000000000800744c      0x114 ./Drivers/STM32G0xx_HAL_Driver/Src/stm32g0xx_hal_tim.o
                0x000000000800744c                TIM_Base_SetConfig
 .text.TIM_TI1_ConfigInputStage
                0x0000000008007560       0x5c ./Drivers/STM32G0xx_HAL_Driver/Src/stm32g0xx_hal_tim.o
 .text.TIM_TI2_ConfigInputStage
                0x00000000080075bc       0x64 ./Drivers/STM32G0xx_HAL_Driver/Src/stm32g0xx_hal_tim.o
 .text.TIM_ITRx_SetConfig
                0x0000000008007620       0x38 ./Drivers/STM32G0xx_HAL_Driver/Src/stm32g0xx_hal_tim.o
 .text.TIM_ETR_SetConfig
                0x0000000008007658       0x40 ./Drivers/STM32G0xx_HAL_Driver/Src/stm32g0xx_hal_tim.o
                0x0000000008007658                TIM_ETR_SetConfig
 .text.HAL_TIMEx_MasterConfigSynchronization
                0x0000000008007698       0xec ./Drivers/STM32G0xx_HAL_Driver/Src/stm32g0xx_hal_tim_ex.o
                0x0000000008007698                HAL_TIMEx_MasterConfigSynchronization
 .text.HAL_UART_Init
                0x0000000008007784       0xac ./Drivers/STM32G0xx_HAL_Driver/Src/stm32g0xx_hal_uart.o
                0x0000000008007784                HAL_UART_Init
 .text.HAL_UART_Transmit
                0x0000000008007830      0x138 ./Drivers/STM32G0xx_HAL_Driver/Src/stm32g0xx_hal_uart.o
                0x0000000008007830                HAL_UART_Transmit
 .text.UART_SetConfig
                0x0000000008007968      0x6ac ./Drivers/STM32G0xx_HAL_Driver/Src/stm32g0xx_hal_uart.o
                0x0000000008007968                UART_SetConfig
 .text.UART_AdvFeatureConfig
                0x0000000008008014      0x168 ./Drivers/STM32G0xx_HAL_Driver/Src/stm32g0xx_hal_uart.o
                0x0000000008008014                UART_AdvFeatureConfig
 .text.UART_CheckIdleState
                0x000000000800817c       0x9c ./Drivers/STM32G0xx_HAL_Driver/Src/stm32g0xx_hal_uart.o
                0x000000000800817c                UART_CheckIdleState
 .text.UART_WaitOnFlagUntilTimeout
                0x0000000008008218      0x190 ./Drivers/STM32G0xx_HAL_Driver/Src/stm32g0xx_hal_uart.o
                0x0000000008008218                UART_WaitOnFlagUntilTimeout
 .text.HAL_UARTEx_DisableFifoMode
                0x00000000080083a8       0x74 ./Drivers/STM32G0xx_HAL_Driver/Src/stm32g0xx_hal_uart_ex.o
                0x00000000080083a8                HAL_UARTEx_DisableFifoMode
 .text.HAL_UARTEx_SetTxFifoThreshold
                0x000000000800841c       0x7e ./Drivers/STM32G0xx_HAL_Driver/Src/stm32g0xx_hal_uart_ex.o
                0x000000000800841c                HAL_UARTEx_SetTxFifoThreshold
 *fill*         0x000000000800849a        0x2 
 .text.HAL_UARTEx_SetRxFifoThreshold
                0x000000000800849c       0x84 ./Drivers/STM32G0xx_HAL_Driver/Src/stm32g0xx_hal_uart_ex.o
                0x000000000800849c                HAL_UARTEx_SetRxFifoThreshold
 .text.UARTEx_SetNbDataToProcess
                0x0000000008008520       0xbc ./Drivers/STM32G0xx_HAL_Driver/Src/stm32g0xx_hal_uart_ex.o
 .text.aci_gap_init_IDB05A1
                0x00000000080085dc       0xd6 ./Middlewares/ST/BlueNRG-MS/hci/controller/bluenrg_gap_aci.o
                0x00000000080085dc                aci_gap_init_IDB05A1
 .text.aci_gap_set_discoverable
                0x00000000080086b2      0x236 ./Middlewares/ST/BlueNRG-MS/hci/controller/bluenrg_gap_aci.o
                0x00000000080086b2                aci_gap_set_discoverable
 .text.aci_gatt_init
                0x00000000080088e8       0x4e ./Middlewares/ST/BlueNRG-MS/hci/controller/bluenrg_gatt_aci.o
                0x00000000080088e8                aci_gatt_init
 .text.aci_gatt_add_serv
                0x0000000008008936      0x136 ./Middlewares/ST/BlueNRG-MS/hci/controller/bluenrg_gatt_aci.o
                0x0000000008008936                aci_gatt_add_serv
 .text.aci_gatt_add_char
                0x0000000008008a6c      0x1cc ./Middlewares/ST/BlueNRG-MS/hci/controller/bluenrg_gatt_aci.o
                0x0000000008008a6c                aci_gatt_add_char
 .text.aci_gatt_update_char_value
                0x0000000008008c38      0x148 ./Middlewares/ST/BlueNRG-MS/hci/controller/bluenrg_gatt_aci.o
                0x0000000008008c38                aci_gatt_update_char_value
 .text.aci_hal_write_config_data
                0x0000000008008d80       0xd2 ./Middlewares/ST/BlueNRG-MS/hci/controller/bluenrg_hal_aci.o
                0x0000000008008d80                aci_hal_write_config_data
 .text.hci_reset
                0x0000000008008e52       0x4c ./Middlewares/ST/BlueNRG-MS/hci/hci_le.o
                0x0000000008008e52                hci_reset
 .text.hci_le_set_scan_resp_data
                0x0000000008008e9e       0x98 ./Middlewares/ST/BlueNRG-MS/hci/hci_le.o
                0x0000000008008e9e                hci_le_set_scan_resp_data
 .text.verify_packet
                0x0000000008008f36       0x3c ./Middlewares/ST/BlueNRG-MS/hci/hci_tl_patterns/Basic/hci_tl.o
 *fill*         0x0000000008008f72        0x2 
 .text.send_cmd
                0x0000000008008f74       0xa4 ./Middlewares/ST/BlueNRG-MS/hci/hci_tl_patterns/Basic/hci_tl.o
 .text.move_list
                0x0000000008009018       0x3c ./Middlewares/ST/BlueNRG-MS/hci/hci_tl_patterns/Basic/hci_tl.o
 .text.free_event_list
                0x0000000008009054       0x40 ./Middlewares/ST/BlueNRG-MS/hci/hci_tl_patterns/Basic/hci_tl.o
 .text.hci_init
                0x0000000008009094       0x98 ./Middlewares/ST/BlueNRG-MS/hci/hci_tl_patterns/Basic/hci_tl.o
                0x0000000008009094                hci_init
 .text.hci_register_io_bus
                0x000000000800912c       0x3c ./Middlewares/ST/BlueNRG-MS/hci/hci_tl_patterns/Basic/hci_tl.o
                0x000000000800912c                hci_register_io_bus
 .text.hci_send_req
                0x0000000008009168      0x264 ./Middlewares/ST/BlueNRG-MS/hci/hci_tl_patterns/Basic/hci_tl.o
                0x0000000008009168                hci_send_req
 .text.hci_user_evt_proc
                0x00000000080093cc       0x5c ./Middlewares/ST/BlueNRG-MS/hci/hci_tl_patterns/Basic/hci_tl.o
                0x00000000080093cc                hci_user_evt_proc
 .text.hci_notify_asynch_evt
                0x0000000008009428       0xac ./Middlewares/ST/BlueNRG-MS/hci/hci_tl_patterns/Basic/hci_tl.o
                0x0000000008009428                hci_notify_asynch_evt
 .text.list_init_head
                0x00000000080094d4       0x1c ./Middlewares/ST/BlueNRG-MS/utils/ble_list.o
                0x00000000080094d4                list_init_head
 .text.list_is_empty
                0x00000000080094f0       0x4c ./Middlewares/ST/BlueNRG-MS/utils/ble_list.o
                0x00000000080094f0                list_is_empty
 .text.list_insert_head
                0x000000000800953c       0x48 ./Middlewares/ST/BlueNRG-MS/utils/ble_list.o
                0x000000000800953c                list_insert_head
 .text.list_insert_tail
                0x0000000008009584       0x48 ./Middlewares/ST/BlueNRG-MS/utils/ble_list.o
                0x0000000008009584                list_insert_tail
 .text.list_remove_node
                0x00000000080095cc       0x3e ./Middlewares/ST/BlueNRG-MS/utils/ble_list.o
                0x00000000080095cc                list_remove_node
 .text.list_remove_head
                0x000000000800960a       0x4e ./Middlewares/ST/BlueNRG-MS/utils/ble_list.o
                0x000000000800960a                list_remove_head
 .text.list_remove_tail
                0x0000000008009658       0x4e ./Middlewares/ST/BlueNRG-MS/utils/ble_list.o
                0x0000000008009658                list_remove_tail
 .text.list_get_size
                0x00000000080096a6       0x4c ./Middlewares/ST/BlueNRG-MS/utils/ble_list.o
                0x00000000080096a6                list_get_size
 .text.__aeabi_memclr
                0x00000000080096f2        0xa c:/st/stm32cubeide_1.10.1/stm32cubeide/plugins/com.st.stm32cube.ide.mcu.externaltools.gnu-tools-for-stm32.10.3-2021.10.win32_1.0.200.202301161003/tools/bin/../lib/gcc/arm-none-eabi/10.3.1/../../../../arm-none-eabi/lib/thumb/v6-m/nofp\libc_nano.a(lib_a-aeabi_memclr.o)
                0x00000000080096f2                __aeabi_memclr
                0x00000000080096f2                __aeabi_memclr4
                0x00000000080096f2                __aeabi_memclr8
 .text.__aeabi_memset
                0x00000000080096fc        0xe c:/st/stm32cubeide_1.10.1/stm32cubeide/plugins/com.st.stm32cube.ide.mcu.externaltools.gnu-tools-for-stm32.10.3-2021.10.win32_1.0.200.202301161003/tools/bin/../lib/gcc/arm-none-eabi/10.3.1/../../../../arm-none-eabi/lib/thumb/v6-m/nofp\libc_nano.a(lib_a-aeabi_memset.o)
                0x00000000080096fc                __aeabi_memset8
                0x00000000080096fc                __aeabi_memset4
                0x00000000080096fc                __aeabi_memset
 *fill*         0x000000000800970a        0x2 
 .text.__errno  0x000000000800970c        0xc c:/st/stm32cubeide_1.10.1/stm32cubeide/plugins/com.st.stm32cube.ide.mcu.externaltools.gnu-tools-for-stm32.10.3-2021.10.win32_1.0.200.202301161003/tools/bin/../lib/gcc/arm-none-eabi/10.3.1/../../../../arm-none-eabi/lib/thumb/v6-m/nofp\libc_nano.a(lib_a-errno.o)
                0x000000000800970c                __errno
 .text.__sflush_r
                0x0000000008009718      0x118 c:/st/stm32cubeide_1.10.1/stm32cubeide/plugins/com.st.stm32cube.ide.mcu.externaltools.gnu-tools-for-stm32.10.3-2021.10.win32_1.0.200.202301161003/tools/bin/../lib/gcc/arm-none-eabi/10.3.1/../../../../arm-none-eabi/lib/thumb/v6-m/nofp\libc_nano.a(lib_a-fflush.o)
                0x0000000008009718                __sflush_r
 .text._fflush_r
                0x0000000008009830       0x80 c:/st/stm32cubeide_1.10.1/stm32cubeide/plugins/com.st.stm32cube.ide.mcu.externaltools.gnu-tools-for-stm32.10.3-2021.10.win32_1.0.200.202301161003/tools/bin/../lib/gcc/arm-none-eabi/10.3.1/../../../../arm-none-eabi/lib/thumb/v6-m/nofp\libc_nano.a(lib_a-fflush.o)
                0x0000000008009830                _fflush_r
 .text.fflush   0x00000000080098b0       0x2c c:/st/stm32cubeide_1.10.1/stm32cubeide/plugins/com.st.stm32cube.ide.mcu.externaltools.gnu-tools-for-stm32.10.3-2021.10.win32_1.0.200.202301161003/tools/bin/../lib/gcc/arm-none-eabi/10.3.1/../../../../arm-none-eabi/lib/thumb/v6-m/nofp\libc_nano.a(lib_a-fflush.o)
                0x00000000080098b0                fflush
 .text.std      0x00000000080098dc       0x48 c:/st/stm32cubeide_1.10.1/stm32cubeide/plugins/com.st.stm32cube.ide.mcu.externaltools.gnu-tools-for-stm32.10.3-2021.10.win32_1.0.200.202301161003/tools/bin/../lib/gcc/arm-none-eabi/10.3.1/../../../../arm-none-eabi/lib/thumb/v6-m/nofp\libc_nano.a(lib_a-findfp.o)
 .text._cleanup_r
                0x0000000008009924       0x10 c:/st/stm32cubeide_1.10.1/stm32cubeide/plugins/com.st.stm32cube.ide.mcu.externaltools.gnu-tools-for-stm32.10.3-2021.10.win32_1.0.200.202301161003/tools/bin/../lib/gcc/arm-none-eabi/10.3.1/../../../../arm-none-eabi/lib/thumb/v6-m/nofp\libc_nano.a(lib_a-findfp.o)
                0x0000000008009924                _cleanup_r
 .text.__sfmoreglue
                0x0000000008009934       0x2c c:/st/stm32cubeide_1.10.1/stm32cubeide/plugins/com.st.stm32cube.ide.mcu.externaltools.gnu-tools-for-stm32.10.3-2021.10.win32_1.0.200.202301161003/tools/bin/../lib/gcc/arm-none-eabi/10.3.1/../../../../arm-none-eabi/lib/thumb/v6-m/nofp\libc_nano.a(lib_a-findfp.o)
                0x0000000008009934                __sfmoreglue
 .text.__sfp_lock_acquire
                0x0000000008009960       0x10 c:/st/stm32cubeide_1.10.1/stm32cubeide/plugins/com.st.stm32cube.ide.mcu.externaltools.gnu-tools-for-stm32.10.3-2021.10.win32_1.0.200.202301161003/tools/bin/../lib/gcc/arm-none-eabi/10.3.1/../../../../arm-none-eabi/lib/thumb/v6-m/nofp\libc_nano.a(lib_a-findfp.o)
                0x0000000008009960                __sfp_lock_acquire
 .text.__sfp_lock_release
                0x0000000008009970       0x10 c:/st/stm32cubeide_1.10.1/stm32cubeide/plugins/com.st.stm32cube.ide.mcu.externaltools.gnu-tools-for-stm32.10.3-2021.10.win32_1.0.200.202301161003/tools/bin/../lib/gcc/arm-none-eabi/10.3.1/../../../../arm-none-eabi/lib/thumb/v6-m/nofp\libc_nano.a(lib_a-findfp.o)
                0x0000000008009970                __sfp_lock_release
 .text.__sinit_lock_acquire
                0x0000000008009980       0x10 c:/st/stm32cubeide_1.10.1/stm32cubeide/plugins/com.st.stm32cube.ide.mcu.externaltools.gnu-tools-for-stm32.10.3-2021.10.win32_1.0.200.202301161003/tools/bin/../lib/gcc/arm-none-eabi/10.3.1/../../../../arm-none-eabi/lib/thumb/v6-m/nofp\libc_nano.a(lib_a-findfp.o)
                0x0000000008009980                __sinit_lock_acquire
 .text.__sinit_lock_release
                0x0000000008009990       0x10 c:/st/stm32cubeide_1.10.1/stm32cubeide/plugins/com.st.stm32cube.ide.mcu.externaltools.gnu-tools-for-stm32.10.3-2021.10.win32_1.0.200.202301161003/tools/bin/../lib/gcc/arm-none-eabi/10.3.1/../../../../arm-none-eabi/lib/thumb/v6-m/nofp\libc_nano.a(lib_a-findfp.o)
                0x0000000008009990                __sinit_lock_release
 .text.__sinit  0x00000000080099a0       0x70 c:/st/stm32cubeide_1.10.1/stm32cubeide/plugins/com.st.stm32cube.ide.mcu.externaltools.gnu-tools-for-stm32.10.3-2021.10.win32_1.0.200.202301161003/tools/bin/../lib/gcc/arm-none-eabi/10.3.1/../../../../arm-none-eabi/lib/thumb/v6-m/nofp\libc_nano.a(lib_a-findfp.o)
                0x00000000080099a0                __sinit
 .text.__sfp    0x0000000008009a10       0x90 c:/st/stm32cubeide_1.10.1/stm32cubeide/plugins/com.st.stm32cube.ide.mcu.externaltools.gnu-tools-for-stm32.10.3-2021.10.win32_1.0.200.202301161003/tools/bin/../lib/gcc/arm-none-eabi/10.3.1/../../../../arm-none-eabi/lib/thumb/v6-m/nofp\libc_nano.a(lib_a-findfp.o)
                0x0000000008009a10                __sfp
 .text._fwalk_reent
                0x0000000008009aa0       0x40 c:/st/stm32cubeide_1.10.1/stm32cubeide/plugins/com.st.stm32cube.ide.mcu.externaltools.gnu-tools-for-stm32.10.3-2021.10.win32_1.0.200.202301161003/tools/bin/../lib/gcc/arm-none-eabi/10.3.1/../../../../arm-none-eabi/lib/thumb/v6-m/nofp\libc_nano.a(lib_a-fwalk.o)
                0x0000000008009aa0                _fwalk_reent
 .text.__libc_init_array
                0x0000000008009ae0       0x48 c:/st/stm32cubeide_1.10.1/stm32cubeide/plugins/com.st.stm32cube.ide.mcu.externaltools.gnu-tools-for-stm32.10.3-2021.10.win32_1.0.200.202301161003/tools/bin/../lib/gcc/arm-none-eabi/10.3.1/../../../../arm-none-eabi/lib/thumb/v6-m/nofp\libc_nano.a(lib_a-init.o)
                0x0000000008009ae0                __libc_init_array
 .text.__retarget_lock_init_recursive
                0x0000000008009b28        0x2 c:/st/stm32cubeide_1.10.1/stm32cubeide/plugins/com.st.stm32cube.ide.mcu.externaltools.gnu-tools-for-stm32.10.3-2021.10.win32_1.0.200.202301161003/tools/bin/../lib/gcc/arm-none-eabi/10.3.1/../../../../arm-none-eabi/lib/thumb/v6-m/nofp\libc_nano.a(lib_a-lock.o)
                0x0000000008009b28                __retarget_lock_init_recursive
 .text.__retarget_lock_acquire_recursive
                0x0000000008009b2a        0x2 c:/st/stm32cubeide_1.10.1/stm32cubeide/plugins/com.st.stm32cube.ide.mcu.externaltools.gnu-tools-for-stm32.10.3-2021.10.win32_1.0.200.202301161003/tools/bin/../lib/gcc/arm-none-eabi/10.3.1/../../../../arm-none-eabi/lib/thumb/v6-m/nofp\libc_nano.a(lib_a-lock.o)
                0x0000000008009b2a                __retarget_lock_acquire_recursive
 .text.__retarget_lock_release_recursive
                0x0000000008009b2c        0x2 c:/st/stm32cubeide_1.10.1/stm32cubeide/plugins/com.st.stm32cube.ide.mcu.externaltools.gnu-tools-for-stm32.10.3-2021.10.win32_1.0.200.202301161003/tools/bin/../lib/gcc/arm-none-eabi/10.3.1/../../../../arm-none-eabi/lib/thumb/v6-m/nofp\libc_nano.a(lib_a-lock.o)
                0x0000000008009b2c                __retarget_lock_release_recursive
 .text.memcpy   0x0000000008009b2e       0x12 c:/st/stm32cubeide_1.10.1/stm32cubeide/plugins/com.st.stm32cube.ide.mcu.externaltools.gnu-tools-for-stm32.10.3-2021.10.win32_1.0.200.202301161003/tools/bin/../lib/gcc/arm-none-eabi/10.3.1/../../../../arm-none-eabi/lib/thumb/v6-m/nofp\libc_nano.a(lib_a-memcpy-stub.o)
                0x0000000008009b2e                memcpy
 .text.memset   0x0000000008009b40       0x10 c:/st/stm32cubeide_1.10.1/stm32cubeide/plugins/com.st.stm32cube.ide.mcu.externaltools.gnu-tools-for-stm32.10.3-2021.10.win32_1.0.200.202301161003/tools/bin/../lib/gcc/arm-none-eabi/10.3.1/../../../../arm-none-eabi/lib/thumb/v6-m/nofp\libc_nano.a(lib_a-memset.o)
                0x0000000008009b40                memset
 .text._free_r  0x0000000008009b50       0x94 c:/st/stm32cubeide_1.10.1/stm32cubeide/plugins/com.st.stm32cube.ide.mcu.externaltools.gnu-tools-for-stm32.10.3-2021.10.win32_1.0.200.202301161003/tools/bin/../lib/gcc/arm-none-eabi/10.3.1/../../../../arm-none-eabi/lib/thumb/v6-m/nofp\libc_nano.a(lib_a-nano-freer.o)
                0x0000000008009b50                _free_r
 .text.sbrk_aligned
                0x0000000008009be4       0x44 c:/st/stm32cubeide_1.10.1/stm32cubeide/plugins/com.st.stm32cube.ide.mcu.externaltools.gnu-tools-for-stm32.10.3-2021.10.win32_1.0.200.202301161003/tools/bin/../lib/gcc/arm-none-eabi/10.3.1/../../../../arm-none-eabi/lib/thumb/v6-m/nofp\libc_nano.a(lib_a-nano-mallocr.o)
 .text._malloc_r
                0x0000000008009c28       0xec c:/st/stm32cubeide_1.10.1/stm32cubeide/plugins/com.st.stm32cube.ide.mcu.externaltools.gnu-tools-for-stm32.10.3-2021.10.win32_1.0.200.202301161003/tools/bin/../lib/gcc/arm-none-eabi/10.3.1/../../../../arm-none-eabi/lib/thumb/v6-m/nofp\libc_nano.a(lib_a-nano-mallocr.o)
                0x0000000008009c28                _malloc_r
 .text.printf   0x0000000008009d14       0x34 c:/st/stm32cubeide_1.10.1/stm32cubeide/plugins/com.st.stm32cube.ide.mcu.externaltools.gnu-tools-for-stm32.10.3-2021.10.win32_1.0.200.202301161003/tools/bin/../lib/gcc/arm-none-eabi/10.3.1/../../../../arm-none-eabi/lib/thumb/v6-m/nofp\libc_nano.a(lib_a-printf.o)
                0x0000000008009d14                iprintf
                0x0000000008009d14                printf
 .text._puts_r  0x0000000008009d48       0xe4 c:/st/stm32cubeide_1.10.1/stm32cubeide/plugins/com.st.stm32cube.ide.mcu.externaltools.gnu-tools-for-stm32.10.3-2021.10.win32_1.0.200.202301161003/tools/bin/../lib/gcc/arm-none-eabi/10.3.1/../../../../arm-none-eabi/lib/thumb/v6-m/nofp\libc_nano.a(lib_a-puts.o)
                0x0000000008009d48                _puts_r
 .text.puts     0x0000000008009e2c       0x14 c:/st/stm32cubeide_1.10.1/stm32cubeide/plugins/com.st.stm32cube.ide.mcu.externaltools.gnu-tools-for-stm32.10.3-2021.10.win32_1.0.200.202301161003/tools/bin/../lib/gcc/arm-none-eabi/10.3.1/../../../../arm-none-eabi/lib/thumb/v6-m/nofp\libc_nano.a(lib_a-puts.o)
                0x0000000008009e2c                puts
 .text._sbrk_r  0x0000000008009e40       0x24 c:/st/stm32cubeide_1.10.1/stm32cubeide/plugins/com.st.stm32cube.ide.mcu.externaltools.gnu-tools-for-stm32.10.3-2021.10.win32_1.0.200.202301161003/tools/bin/../lib/gcc/arm-none-eabi/10.3.1/../../../../arm-none-eabi/lib/thumb/v6-m/nofp\libc_nano.a(lib_a-sbrkr.o)
                0x0000000008009e40                _sbrk_r
 .text.sprintf  0x0000000008009e64       0x40 c:/st/stm32cubeide_1.10.1/stm32cubeide/plugins/com.st.stm32cube.ide.mcu.externaltools.gnu-tools-for-stm32.10.3-2021.10.win32_1.0.200.202301161003/tools/bin/../lib/gcc/arm-none-eabi/10.3.1/../../../../arm-none-eabi/lib/thumb/v6-m/nofp\libc_nano.a(lib_a-sprintf.o)
                0x0000000008009e64                siprintf
                0x0000000008009e64                sprintf
 .text.__sread  0x0000000008009ea4       0x28 c:/st/stm32cubeide_1.10.1/stm32cubeide/plugins/com.st.stm32cube.ide.mcu.externaltools.gnu-tools-for-stm32.10.3-2021.10.win32_1.0.200.202301161003/tools/bin/../lib/gcc/arm-none-eabi/10.3.1/../../../../arm-none-eabi/lib/thumb/v6-m/nofp\libc_nano.a(lib_a-stdio.o)
                0x0000000008009ea4                __sread
 .text.__swrite
                0x0000000008009ecc       0x38 c:/st/stm32cubeide_1.10.1/stm32cubeide/plugins/com.st.stm32cube.ide.mcu.externaltools.gnu-tools-for-stm32.10.3-2021.10.win32_1.0.200.202301161003/tools/bin/../lib/gcc/arm-none-eabi/10.3.1/../../../../arm-none-eabi/lib/thumb/v6-m/nofp\libc_nano.a(lib_a-stdio.o)
                0x0000000008009ecc                __swrite
 .text.__sseek  0x0000000008009f04       0x2c c:/st/stm32cubeide_1.10.1/stm32cubeide/plugins/com.st.stm32cube.ide.mcu.externaltools.gnu-tools-for-stm32.10.3-2021.10.win32_1.0.200.202301161003/tools/bin/../lib/gcc/arm-none-eabi/10.3.1/../../../../arm-none-eabi/lib/thumb/v6-m/nofp\libc_nano.a(lib_a-stdio.o)
                0x0000000008009f04                __sseek
 .text.__sclose
                0x0000000008009f30        0xc c:/st/stm32cubeide_1.10.1/stm32cubeide/plugins/com.st.stm32cube.ide.mcu.externaltools.gnu-tools-for-stm32.10.3-2021.10.win32_1.0.200.202301161003/tools/bin/../lib/gcc/arm-none-eabi/10.3.1/../../../../arm-none-eabi/lib/thumb/v6-m/nofp\libc_nano.a(lib_a-stdio.o)
                0x0000000008009f30                __sclose
 .text.__swbuf_r
                0x0000000008009f3c       0xac c:/st/stm32cubeide_1.10.1/stm32cubeide/plugins/com.st.stm32cube.ide.mcu.externaltools.gnu-tools-for-stm32.10.3-2021.10.win32_1.0.200.202301161003/tools/bin/../lib/gcc/arm-none-eabi/10.3.1/../../../../arm-none-eabi/lib/thumb/v6-m/nofp\libc_nano.a(lib_a-wbuf.o)
                0x0000000008009f3c                __swbuf_r
 .text._write_r
                0x0000000008009fe8       0x28 c:/st/stm32cubeide_1.10.1/stm32cubeide/plugins/com.st.stm32cube.ide.mcu.externaltools.gnu-tools-for-stm32.10.3-2021.10.win32_1.0.200.202301161003/tools/bin/../lib/gcc/arm-none-eabi/10.3.1/../../../../arm-none-eabi/lib/thumb/v6-m/nofp\libc_nano.a(lib_a-writer.o)
                0x0000000008009fe8                _write_r
 .text.__swsetup_r
                0x000000000800a010       0xf0 c:/st/stm32cubeide_1.10.1/stm32cubeide/plugins/com.st.stm32cube.ide.mcu.externaltools.gnu-tools-for-stm32.10.3-2021.10.win32_1.0.200.202301161003/tools/bin/../lib/gcc/arm-none-eabi/10.3.1/../../../../arm-none-eabi/lib/thumb/v6-m/nofp\libc_nano.a(lib_a-wsetup.o)
                0x000000000800a010                __swsetup_r
 .text._close_r
                0x000000000800a100       0x24 c:/st/stm32cubeide_1.10.1/stm32cubeide/plugins/com.st.stm32cube.ide.mcu.externaltools.gnu-tools-for-stm32.10.3-2021.10.win32_1.0.200.202301161003/tools/bin/../lib/gcc/arm-none-eabi/10.3.1/../../../../arm-none-eabi/lib/thumb/v6-m/nofp\libc_nano.a(lib_a-closer.o)
                0x000000000800a100                _close_r
 .text._lseek_r
                0x000000000800a124       0x28 c:/st/stm32cubeide_1.10.1/stm32cubeide/plugins/com.st.stm32cube.ide.mcu.externaltools.gnu-tools-for-stm32.10.3-2021.10.win32_1.0.200.202301161003/tools/bin/../lib/gcc/arm-none-eabi/10.3.1/../../../../arm-none-eabi/lib/thumb/v6-m/nofp\libc_nano.a(lib_a-lseekr.o)
                0x000000000800a124                _lseek_r
 .text.__swhatbuf_r
                0x000000000800a14c       0x50 c:/st/stm32cubeide_1.10.1/stm32cubeide/plugins/com.st.stm32cube.ide.mcu.externaltools.gnu-tools-for-stm32.10.3-2021.10.win32_1.0.200.202301161003/tools/bin/../lib/gcc/arm-none-eabi/10.3.1/../../../../arm-none-eabi/lib/thumb/v6-m/nofp\libc_nano.a(lib_a-makebuf.o)
                0x000000000800a14c                __swhatbuf_r
 .text.__smakebuf_r
                0x000000000800a19c       0x88 c:/st/stm32cubeide_1.10.1/stm32cubeide/plugins/com.st.stm32cube.ide.mcu.externaltools.gnu-tools-for-stm32.10.3-2021.10.win32_1.0.200.202301161003/tools/bin/../lib/gcc/arm-none-eabi/10.3.1/../../../../arm-none-eabi/lib/thumb/v6-m/nofp\libc_nano.a(lib_a-makebuf.o)
                0x000000000800a19c                __smakebuf_r
 .text.__malloc_lock
                0x000000000800a224       0x10 c:/st/stm32cubeide_1.10.1/stm32cubeide/plugins/com.st.stm32cube.ide.mcu.externaltools.gnu-tools-for-stm32.10.3-2021.10.win32_1.0.200.202301161003/tools/bin/../lib/gcc/arm-none-eabi/10.3.1/../../../../arm-none-eabi/lib/thumb/v6-m/nofp\libc_nano.a(lib_a-mlock.o)
                0x000000000800a224                __malloc_lock
 .text.__malloc_unlock
                0x000000000800a234       0x10 c:/st/stm32cubeide_1.10.1/stm32cubeide/plugins/com.st.stm32cube.ide.mcu.externaltools.gnu-tools-for-stm32.10.3-2021.10.win32_1.0.200.202301161003/tools/bin/../lib/gcc/arm-none-eabi/10.3.1/../../../../arm-none-eabi/lib/thumb/v6-m/nofp\libc_nano.a(lib_a-mlock.o)
                0x000000000800a234                __malloc_unlock
 .text.__ssputs_r
                0x000000000800a244       0xc4 c:/st/stm32cubeide_1.10.1/stm32cubeide/plugins/com.st.stm32cube.ide.mcu.externaltools.gnu-tools-for-stm32.10.3-2021.10.win32_1.0.200.202301161003/tools/bin/../lib/gcc/arm-none-eabi/10.3.1/../../../../arm-none-eabi/lib/thumb/v6-m/nofp\libc_nano.a(lib_a-nano-svfprintf.o)
                0x000000000800a244                __ssputs_r
 .text._svfprintf_r
                0x000000000800a308      0x200 c:/st/stm32cubeide_1.10.1/stm32cubeide/plugins/com.st.stm32cube.ide.mcu.externaltools.gnu-tools-for-stm32.10.3-2021.10.win32_1.0.200.202301161003/tools/bin/../lib/gcc/arm-none-eabi/10.3.1/../../../../arm-none-eabi/lib/thumb/v6-m/nofp\libc_nano.a(lib_a-nano-svfprintf.o)
                0x000000000800a308                _svfiprintf_r
                0x000000000800a308                _svfprintf_r
 .text.__sfputc_r
                0x000000000800a508       0x2a c:/st/stm32cubeide_1.10.1/stm32cubeide/plugins/com.st.stm32cube.ide.mcu.externaltools.gnu-tools-for-stm32.10.3-2021.10.win32_1.0.200.202301161003/tools/bin/../lib/gcc/arm-none-eabi/10.3.1/../../../../arm-none-eabi/lib/thumb/v6-m/nofp\libc_nano.a(lib_a-nano-vfprintf.o)
 .text.__sfputs_r
                0x000000000800a532       0x24 c:/st/stm32cubeide_1.10.1/stm32cubeide/plugins/com.st.stm32cube.ide.mcu.externaltools.gnu-tools-for-stm32.10.3-2021.10.win32_1.0.200.202301161003/tools/bin/../lib/gcc/arm-none-eabi/10.3.1/../../../../arm-none-eabi/lib/thumb/v6-m/nofp\libc_nano.a(lib_a-nano-vfprintf.o)
                0x000000000800a532                __sfputs_r
 *fill*         0x000000000800a556        0x2 
 .text._vfprintf_r
                0x000000000800a558      0x274 c:/st/stm32cubeide_1.10.1/stm32cubeide/plugins/com.st.stm32cube.ide.mcu.externaltools.gnu-tools-for-stm32.10.3-2021.10.win32_1.0.200.202301161003/tools/bin/../lib/gcc/arm-none-eabi/10.3.1/../../../../arm-none-eabi/lib/thumb/v6-m/nofp\libc_nano.a(lib_a-nano-vfprintf.o)
                0x000000000800a558                _vfprintf_r
                0x000000000800a558                _vfiprintf_r
 .text._printf_common
                0x000000000800a7cc       0xde c:/st/stm32cubeide_1.10.1/stm32cubeide/plugins/com.st.stm32cube.ide.mcu.externaltools.gnu-tools-for-stm32.10.3-2021.10.win32_1.0.200.202301161003/tools/bin/../lib/gcc/arm-none-eabi/10.3.1/../../../../arm-none-eabi/lib/thumb/v6-m/nofp\libc_nano.a(lib_a-nano-vfprintf_i.o)
                0x000000000800a7cc                _printf_common
 *fill*         0x000000000800a8aa        0x2 
 .text._printf_i
                0x000000000800a8ac      0x224 c:/st/stm32cubeide_1.10.1/stm32cubeide/plugins/com.st.stm32cube.ide.mcu.externaltools.gnu-tools-for-stm32.10.3-2021.10.win32_1.0.200.202301161003/tools/bin/../lib/gcc/arm-none-eabi/10.3.1/../../../../arm-none-eabi/lib/thumb/v6-m/nofp\libc_nano.a(lib_a-nano-vfprintf_i.o)
                0x000000000800a8ac                _printf_i
 .text._read_r  0x000000000800aad0       0x28 c:/st/stm32cubeide_1.10.1/stm32cubeide/plugins/com.st.stm32cube.ide.mcu.externaltools.gnu-tools-for-stm32.10.3-2021.10.win32_1.0.200.202301161003/tools/bin/../lib/gcc/arm-none-eabi/10.3.1/../../../../arm-none-eabi/lib/thumb/v6-m/nofp\libc_nano.a(lib_a-readr.o)
                0x000000000800aad0                _read_r
 .text._fstat_r
                0x000000000800aaf8       0x24 c:/st/stm32cubeide_1.10.1/stm32cubeide/plugins/com.st.stm32cube.ide.mcu.externaltools.gnu-tools-for-stm32.10.3-2021.10.win32_1.0.200.202301161003/tools/bin/../lib/gcc/arm-none-eabi/10.3.1/../../../../arm-none-eabi/lib/thumb/v6-m/nofp\libc_nano.a(lib_a-fstatr.o)
                0x000000000800aaf8                _fstat_r
 .text._isatty_r
                0x000000000800ab1c       0x24 c:/st/stm32cubeide_1.10.1/stm32cubeide/plugins/com.st.stm32cube.ide.mcu.externaltools.gnu-tools-for-stm32.10.3-2021.10.win32_1.0.200.202301161003/tools/bin/../lib/gcc/arm-none-eabi/10.3.1/../../../../arm-none-eabi/lib/thumb/v6-m/nofp\libc_nano.a(lib_a-isattyr.o)
                0x000000000800ab1c                _isatty_r
 .text.memchr   0x000000000800ab40       0x16 c:/st/stm32cubeide_1.10.1/stm32cubeide/plugins/com.st.stm32cube.ide.mcu.externaltools.gnu-tools-for-stm32.10.3-2021.10.win32_1.0.200.202301161003/tools/bin/../lib/gcc/arm-none-eabi/10.3.1/../../../../arm-none-eabi/lib/thumb/v6-m/nofp\libc_nano.a(lib_a-memchr-stub.o)
                0x000000000800ab40                memchr
 .text.memmove  0x000000000800ab56       0x26 c:/st/stm32cubeide_1.10.1/stm32cubeide/plugins/com.st.stm32cube.ide.mcu.externaltools.gnu-tools-for-stm32.10.3-2021.10.win32_1.0.200.202301161003/tools/bin/../lib/gcc/arm-none-eabi/10.3.1/../../../../arm-none-eabi/lib/thumb/v6-m/nofp\libc_nano.a(lib_a-memmove.o)
                0x000000000800ab56                memmove
 .text._realloc_r
                0x000000000800ab7c       0x5e c:/st/stm32cubeide_1.10.1/stm32cubeide/plugins/com.st.stm32cube.ide.mcu.externaltools.gnu-tools-for-stm32.10.3-2021.10.win32_1.0.200.202301161003/tools/bin/../lib/gcc/arm-none-eabi/10.3.1/../../../../arm-none-eabi/lib/thumb/v6-m/nofp\libc_nano.a(lib_a-nano-reallocr.o)
                0x000000000800ab7c                _realloc_r
 .text._malloc_usable_size_r
                0x000000000800abda       0x10 c:/st/stm32cubeide_1.10.1/stm32cubeide/plugins/com.st.stm32cube.ide.mcu.externaltools.gnu-tools-for-stm32.10.3-2021.10.win32_1.0.200.202301161003/tools/bin/../lib/gcc/arm-none-eabi/10.3.1/../../../../arm-none-eabi/lib/thumb/v6-m/nofp\libc_nano.a(lib_a-nano-msizer.o)
                0x000000000800abda                _malloc_usable_size_r
 *(.glue_7)
 .glue_7        0x000000000800abea        0x0 linker stubs
 *(.glue_7t)
 .glue_7t       0x000000000800abea        0x0 linker stubs
 *(.eh_frame)
 *fill*         0x000000000800abea        0x2 
 .eh_frame      0x000000000800abec        0x0 c:/st/stm32cubeide_1.10.1/stm32cubeide/plugins/com.st.stm32cube.ide.mcu.externaltools.gnu-tools-for-stm32.10.3-2021.10.win32_1.0.200.202301161003/tools/bin/../lib/gcc/arm-none-eabi/10.3.1/thumb/v6-m/nofp/crtbegin.o
 *(.init)
 .init          0x000000000800abec        0x4 c:/st/stm32cubeide_1.10.1/stm32cubeide/plugins/com.st.stm32cube.ide.mcu.externaltools.gnu-tools-for-stm32.10.3-2021.10.win32_1.0.200.202301161003/tools/bin/../lib/gcc/arm-none-eabi/10.3.1/thumb/v6-m/nofp/crti.o
                0x000000000800abec                _init
 .init          0x000000000800abf0        0x8 c:/st/stm32cubeide_1.10.1/stm32cubeide/plugins/com.st.stm32cube.ide.mcu.externaltools.gnu-tools-for-stm32.10.3-2021.10.win32_1.0.200.202301161003/tools/bin/../lib/gcc/arm-none-eabi/10.3.1/thumb/v6-m/nofp/crtn.o
 *(.fini)
 .fini          0x000000000800abf8        0x4 c:/st/stm32cubeide_1.10.1/stm32cubeide/plugins/com.st.stm32cube.ide.mcu.externaltools.gnu-tools-for-stm32.10.3-2021.10.win32_1.0.200.202301161003/tools/bin/../lib/gcc/arm-none-eabi/10.3.1/thumb/v6-m/nofp/crti.o
                0x000000000800abf8                _fini
 .fini          0x000000000800abfc        0x8 c:/st/stm32cubeide_1.10.1/stm32cubeide/plugins/com.st.stm32cube.ide.mcu.externaltools.gnu-tools-for-stm32.10.3-2021.10.win32_1.0.200.202301161003/tools/bin/../lib/gcc/arm-none-eabi/10.3.1/thumb/v6-m/nofp/crtn.o
 *fill*         0x000000000800ac04        0x4 
 .fini.__stub   0x000000000800ac08       0x10 linker stubs
                0x000000000800ac18                . = ALIGN (0x4)
                0x000000000800ac18                _etext = .

.vfp11_veneer   0x000000000800ac18        0x0
 .vfp11_veneer  0x000000000800ac18        0x0 linker stubs

.v4_bx          0x000000000800ac18        0x0
 .v4_bx         0x000000000800ac18        0x0 linker stubs

.iplt           0x000000000800ac18        0x0
 .iplt          0x000000000800ac18        0x0 c:/st/stm32cubeide_1.10.1/stm32cubeide/plugins/com.st.stm32cube.ide.mcu.externaltools.gnu-tools-for-stm32.10.3-2021.10.win32_1.0.200.202301161003/tools/bin/../lib/gcc/arm-none-eabi/10.3.1/thumb/v6-m/nofp/crtbegin.o

.rodata         0x000000000800ac18      0xb00
                0x000000000800ac18                . = ALIGN (0x4)
 *(.rodata)
 .rodata        0x000000000800ac18        0xd ./BlueNRG-MS/Target/hci_tl_interface.o
 *fill*         0x000000000800ac25        0x3 
 .rodata        0x000000000800ac28       0xd9 ./Core/Src/app_bluenrg.o
 *fill*         0x000000000800ad01        0x3 
 .rodata        0x000000000800ad04       0xf1 ./Core/Src/flash_manager.o
 *fill*         0x000000000800adf5        0x3 
 .rodata        0x000000000800adf8       0x73 ./Core/Src/main.o
 *fill*         0x000000000800ae6b        0x1 
 .rodata        0x000000000800ae6c      0x2a3 ./Core/Src/message_handler.o
 *fill*         0x000000000800b10f        0x1 
 .rodata        0x000000000800b110      0x1e6 ./Core/Src/service.o
 *fill*         0x000000000800b2f6        0x2 
 .rodata        0x000000000800b2f8        0x8 C:\Users\Francesco Olivieri\Documents\ST-Libraries\STM32CubeExpansion_Crypto_V4.1.0\Middlewares\ST\STM32_Cryptographic\lib\libSTM32Cryptographic_CM0_CM0PLUS.a(cmox_gcm_fast_aesfast_decrypt.c.o)
 .rodata        0x000000000800b300        0x4 C:\Users\Francesco Olivieri\Documents\ST-Libraries\STM32CubeExpansion_Crypto_V4.1.0\Middlewares\ST\STM32_Cryptographic\lib\libSTM32Cryptographic_CM0_CM0PLUS.a(cmox_gcm_fast_aesfast_decrypt.c.o)
                0x000000000800b300                CMOX_AESFAST_GCMFAST_DEC_ALGO
 .rodata        0x000000000800b304        0x8 C:\Users\Francesco Olivieri\Documents\ST-Libraries\STM32CubeExpansion_Crypto_V4.1.0\Middlewares\ST\STM32_Cryptographic\lib\libSTM32Cryptographic_CM0_CM0PLUS.a(cmox_gcm_fast_aesfast_encrypt.c.o)
 .rodata        0x000000000800b30c        0x4 C:\Users\Francesco Olivieri\Documents\ST-Libraries\STM32CubeExpansion_Crypto_V4.1.0\Middlewares\ST\STM32_Cryptographic\lib\libSTM32Cryptographic_CM0_CM0PLUS.a(cmox_gcm_fast_aesfast_encrypt.c.o)
                0x000000000800b30c                CMOX_AESFAST_GCMFAST_ENC_ALGO
 .rodata        0x000000000800b310      0x200 C:\Users\Francesco Olivieri\Documents\ST-Libraries\STM32CubeExpansion_Crypto_V4.1.0\Middlewares\ST\STM32_Cryptographic\lib\libSTM32Cryptographic_CM0_CM0PLUS.a(cmox_gcm_fast_common.c.o)
 .rodata        0x000000000800b510        0x4 C:\Users\Francesco Olivieri\Documents\ST-Libraries\STM32CubeExpansion_Crypto_V4.1.0\Middlewares\ST\STM32_Cryptographic\lib\libSTM32Cryptographic_CM0_CM0PLUS.a(cmox_gcm_fast_common.c.o)
 .rodata        0x000000000800b514        0x4 C:\Users\Francesco Olivieri\Documents\ST-Libraries\STM32CubeExpansion_Crypto_V4.1.0\Middlewares\ST\STM32_Cryptographic\lib\libSTM32Cryptographic_CM0_CM0PLUS.a(cmox_gcm_fast_common.c.o)
                0x000000000800b514                CMOX_GFMULFAST
 .rodata        0x000000000800b518       0x2c C:\Users\Francesco Olivieri\Documents\ST-Libraries\STM32CubeExpansion_Crypto_V4.1.0\Middlewares\ST\STM32_Cryptographic\lib\libSTM32Cryptographic_CM0_CM0PLUS.a(cmox_gcm_fast_decrypt.c.o)
 .rodata        0x000000000800b544       0x2c C:\Users\Francesco Olivieri\Documents\ST-Libraries\STM32CubeExpansion_Crypto_V4.1.0\Middlewares\ST\STM32_Cryptographic\lib\libSTM32Cryptographic_CM0_CM0PLUS.a(cmox_gcm_fast_encrypt.c.o)
 .rodata        0x000000000800b570        0x8 C:\Users\Francesco Olivieri\Documents\ST-Libraries\STM32CubeExpansion_Crypto_V4.1.0\Middlewares\ST\STM32_Cryptographic\lib\libSTM32Cryptographic_CM0_CM0PLUS.a(cmox_init.c.o)
                0x000000000800b570                cmox_table
 .rodata        0x000000000800b578        0x8 C:\Users\Francesco Olivieri\Documents\ST-Libraries\STM32CubeExpansion_Crypto_V4.1.0\Middlewares\ST\STM32_Cryptographic\lib\libSTM32Cryptographic_CM0_CM0PLUS.a(cmox_aesfast_encrypt.c.o)
 .rodata        0x000000000800b580        0x4 C:\Users\Francesco Olivieri\Documents\ST-Libraries\STM32CubeExpansion_Crypto_V4.1.0\Middlewares\ST\STM32_Cryptographic\lib\libSTM32Cryptographic_CM0_CM0PLUS.a(cmox_aesfast_encrypt.c.o)
                0x000000000800b580                CMOX_AESFAST_ENCRYPT_VTABLE
 .rodata        0x000000000800b584        0xc C:\Users\Francesco Olivieri\Documents\ST-Libraries\STM32CubeExpansion_Crypto_V4.1.0\Middlewares\ST\STM32_Cryptographic\lib\libSTM32Cryptographic_CM0_CM0PLUS.a(cmox_utils_compare.c.o)
 .rodata        0x000000000800b590        0x4 C:\Users\Francesco Olivieri\Documents\ST-Libraries\STM32CubeExpansion_Crypto_V4.1.0\Middlewares\ST\STM32_Cryptographic\lib\libSTM32Cryptographic_CM0_CM0PLUS.a(cmox_utils_compare.c.o)
                0x000000000800b590                cmox_utils_robustCmp_bt_bw_be
 .rodata        0x000000000800b594       0x28 C:\Users\Francesco Olivieri\Documents\ST-Libraries\STM32CubeExpansion_Crypto_V4.1.0\Middlewares\ST\STM32_Cryptographic\lib\libSTM32Cryptographic_CM0_CM0PLUS.a(cmox_aes_common.c.o)
 *(.rodata*)
 .rodata.Key    0x000000000800b5bc       0x20 ./Core/Src/message_handler.o
                0x000000000800b5bc                Key
 .rodata.verify_data_type
                0x000000000800b5dc       0x1c ./Core/Src/message_handler.o
 .rodata.AHBPrescTable
                0x000000000800b5f8       0x40 ./Core/Src/system_stm32g0xx.o
                0x000000000800b5f8                AHBPrescTable
 .rodata.APBPrescTable
                0x000000000800b638       0x20 ./Core/Src/system_stm32g0xx.o
                0x000000000800b638                APBPrescTable
 .rodata.UARTPrescTable
                0x000000000800b658       0x18 ./Drivers/STM32G0xx_HAL_Driver/Src/stm32g0xx_hal_uart.o
                0x000000000800b658                UARTPrescTable
 .rodata.numerator.1
                0x000000000800b670        0x8 ./Drivers/STM32G0xx_HAL_Driver/Src/stm32g0xx_hal_uart_ex.o
 .rodata.denominator.0
                0x000000000800b678        0x8 ./Drivers/STM32G0xx_HAL_Driver/Src/stm32g0xx_hal_uart_ex.o
 .rodata.__sf_fake_stderr
                0x000000000800b680       0x20 c:/st/stm32cubeide_1.10.1/stm32cubeide/plugins/com.st.stm32cube.ide.mcu.externaltools.gnu-tools-for-stm32.10.3-2021.10.win32_1.0.200.202301161003/tools/bin/../lib/gcc/arm-none-eabi/10.3.1/../../../../arm-none-eabi/lib/thumb/v6-m/nofp\libc_nano.a(lib_a-findfp.o)
                0x000000000800b680                __sf_fake_stderr
 .rodata.__sf_fake_stdin
                0x000000000800b6a0       0x20 c:/st/stm32cubeide_1.10.1/stm32cubeide/plugins/com.st.stm32cube.ide.mcu.externaltools.gnu-tools-for-stm32.10.3-2021.10.win32_1.0.200.202301161003/tools/bin/../lib/gcc/arm-none-eabi/10.3.1/../../../../arm-none-eabi/lib/thumb/v6-m/nofp\libc_nano.a(lib_a-findfp.o)
                0x000000000800b6a0                __sf_fake_stdin
 .rodata.__sf_fake_stdout
                0x000000000800b6c0       0x20 c:/st/stm32cubeide_1.10.1/stm32cubeide/plugins/com.st.stm32cube.ide.mcu.externaltools.gnu-tools-for-stm32.10.3-2021.10.win32_1.0.200.202301161003/tools/bin/../lib/gcc/arm-none-eabi/10.3.1/../../../../arm-none-eabi/lib/thumb/v6-m/nofp\libc_nano.a(lib_a-findfp.o)
                0x000000000800b6c0                __sf_fake_stdout
 .rodata._global_impure_ptr
                0x000000000800b6e0        0x4 c:/st/stm32cubeide_1.10.1/stm32cubeide/plugins/com.st.stm32cube.ide.mcu.externaltools.gnu-tools-for-stm32.10.3-2021.10.win32_1.0.200.202301161003/tools/bin/../lib/gcc/arm-none-eabi/10.3.1/../../../../arm-none-eabi/lib/thumb/v6-m/nofp\libc_nano.a(lib_a-impure.o)
                0x000000000800b6e0                _global_impure_ptr
 .rodata._svfprintf_r.str1.1
                0x000000000800b6e4       0x11 c:/st/stm32cubeide_1.10.1/stm32cubeide/plugins/com.st.stm32cube.ide.mcu.externaltools.gnu-tools-for-stm32.10.3-2021.10.win32_1.0.200.202301161003/tools/bin/../lib/gcc/arm-none-eabi/10.3.1/../../../../arm-none-eabi/lib/thumb/v6-m/nofp\libc_nano.a(lib_a-nano-svfprintf.o)
 .rodata._vfprintf_r.str1.1
                0x000000000800b6f5       0x11 c:/st/stm32cubeide_1.10.1/stm32cubeide/plugins/com.st.stm32cube.ide.mcu.externaltools.gnu-tools-for-stm32.10.3-2021.10.win32_1.0.200.202301161003/tools/bin/../lib/gcc/arm-none-eabi/10.3.1/../../../../arm-none-eabi/lib/thumb/v6-m/nofp\libc_nano.a(lib_a-nano-vfprintf.o)
 .rodata._printf_i.str1.1
                0x000000000800b6f5       0x22 c:/st/stm32cubeide_1.10.1/stm32cubeide/plugins/com.st.stm32cube.ide.mcu.externaltools.gnu-tools-for-stm32.10.3-2021.10.win32_1.0.200.202301161003/tools/bin/../lib/gcc/arm-none-eabi/10.3.1/../../../../arm-none-eabi/lib/thumb/v6-m/nofp\libc_nano.a(lib_a-nano-vfprintf_i.o)
                0x000000000800b718                . = ALIGN (0x4)
 *fill*         0x000000000800b717        0x1 

CMOX_CTA_PROTECTED_DATA
                0x000000000800b718      0x500
 CMOX_CTA_PROTECTED_DATA
                0x000000000800b718      0x400 C:\Users\Francesco Olivieri\Documents\ST-Libraries\STM32CubeExpansion_Crypto_V4.1.0\Middlewares\ST\STM32_Cryptographic\lib\libSTM32Cryptographic_CM0_CM0PLUS.a(cmox_aesfast_encrypt.c.o)
                0x000000000800b718                CMOX_AES_ENC_TABLE
 CMOX_CTA_PROTECTED_DATA
                0x000000000800bb18      0x100 C:\Users\Francesco Olivieri\Documents\ST-Libraries\STM32CubeExpansion_Crypto_V4.1.0\Middlewares\ST\STM32_Cryptographic\lib\libSTM32Cryptographic_CM0_CM0PLUS.a(cmox_aes_common.c.o)
                0x000000000800bb18                CMOX_AES_SBOX

.ARM.extab      0x000000000800bc18        0x0
                0x000000000800bc18                . = ALIGN (0x4)
 *(.ARM.extab* .gnu.linkonce.armextab.*)
                0x000000000800bc18                . = ALIGN (0x4)

.ARM            0x000000000800bc18        0x8
                0x000000000800bc18                . = ALIGN (0x4)
                0x000000000800bc18                __exidx_start = .
 *(.ARM.exidx*)
 .ARM.exidx     0x000000000800bc18        0x8 c:/st/stm32cubeide_1.10.1/stm32cubeide/plugins/com.st.stm32cube.ide.mcu.externaltools.gnu-tools-for-stm32.10.3-2021.10.win32_1.0.200.202301161003/tools/bin/../lib/gcc/arm-none-eabi/10.3.1/thumb/v6-m/nofp\libgcc.a(_udivmoddi4.o)
                0x000000000800bc20                __exidx_end = .
                0x000000000800bc20                . = ALIGN (0x4)

.rel.dyn        0x000000000800bc20        0x0
 .rel.iplt      0x000000000800bc20        0x0 c:/st/stm32cubeide_1.10.1/stm32cubeide/plugins/com.st.stm32cube.ide.mcu.externaltools.gnu-tools-for-stm32.10.3-2021.10.win32_1.0.200.202301161003/tools/bin/../lib/gcc/arm-none-eabi/10.3.1/thumb/v6-m/nofp/crtbegin.o

.preinit_array  0x000000000800bc20        0x0
                0x000000000800bc20                . = ALIGN (0x4)
                0x000000000800bc20                PROVIDE (__preinit_array_start = .)
 *(.preinit_array*)
                0x000000000800bc20                PROVIDE (__preinit_array_end = .)
                0x000000000800bc20                . = ALIGN (0x4)

.init_array     0x000000000800bc20        0x4
                0x000000000800bc20                . = ALIGN (0x4)
                0x000000000800bc20                PROVIDE (__init_array_start = .)
 *(SORT_BY_NAME(.init_array.*))
 *(.init_array*)
 .init_array    0x000000000800bc20        0x4 c:/st/stm32cubeide_1.10.1/stm32cubeide/plugins/com.st.stm32cube.ide.mcu.externaltools.gnu-tools-for-stm32.10.3-2021.10.win32_1.0.200.202301161003/tools/bin/../lib/gcc/arm-none-eabi/10.3.1/thumb/v6-m/nofp/crtbegin.o
                0x000000000800bc24                PROVIDE (__init_array_end = .)
                0x000000000800bc24                . = ALIGN (0x4)

.fini_array     0x000000000800bc24        0x4
                0x000000000800bc24                . = ALIGN (0x4)
                [!provide]                        PROVIDE (__fini_array_start = .)
 *(SORT_BY_NAME(.fini_array.*))
 *(.fini_array*)
 .fini_array    0x000000000800bc24        0x4 c:/st/stm32cubeide_1.10.1/stm32cubeide/plugins/com.st.stm32cube.ide.mcu.externaltools.gnu-tools-for-stm32.10.3-2021.10.win32_1.0.200.202301161003/tools/bin/../lib/gcc/arm-none-eabi/10.3.1/thumb/v6-m/nofp/crtbegin.o
                [!provide]                        PROVIDE (__fini_array_end = .)
                0x000000000800bc28                . = ALIGN (0x4)
                0x000000000800bc28                _sidata = LOADADDR (.data)

.data           0x0000000020000000      0x148 load address 0x000000000800bc28
                0x0000000020000000                . = ALIGN (0x4)
                0x0000000020000000                _sdata = .
 *(.data)
 *(.data*)
 .data.SERVER_BDADDRR
                0x0000000020000000        0x6 ./Core/Src/app_bluenrg.o
                0x0000000020000000                SERVER_BDADDRR
 *fill*         0x0000000020000006        0x2 
 .data.StartPageAddress
                0x0000000020000008        0x4 ./Core/Src/flash_manager.o
                0x0000000020000008                StartPageAddress
 .data.cont_buff
                0x000000002000000c        0x2 ./Core/Src/message_handler.o
                0x000000002000000c                cont_buff
 .data.AppToUpdate
                0x000000002000000e        0x1 ./Core/Src/message_handler.o
                0x000000002000000e                AppToUpdate
 .data.next_ack
                0x000000002000000f        0x1 ./Core/Src/message_handler.o
                0x000000002000000f                next_ack
 .data.IV       0x0000000020000010        0xc ./Core/Src/message_handler.o
                0x0000000020000010                IV
 .data.CHAT_SERVICE_UUID
                0x000000002000001c       0x10 ./Core/Src/service.o
                0x000000002000001c                CHAT_SERVICE_UUID
 .data.RX_CHAR_UUID
                0x000000002000002c       0x10 ./Core/Src/service.o
                0x000000002000002c                RX_CHAR_UUID
 .data.TX_CHAR_UUID
                0x000000002000003c       0x10 ./Core/Src/service.o
                0x000000002000003c                TX_CHAR_UUID
 .data.set_connectable